#Coordinates  RecID  LigID  Luciferin  Neighbor's number  Vision Range  Scoring
(13.0599238, -5.0743253, -8.9867101, 0.5680744, -0.7602572, -0.2729649, -0.1574501)    0    0   12.67016123  0 5.000 15.83780836
(10.3105070, 0.9560479, 1.0270201, 0.7792577, -0.5491617, -0.0407561, -0.2991951)    0    0   -40.49787966  2 5.000 -47.72270494
(8.8249404, 7.6519407, -11.8725431, -0.0394983, -0.4691942, 0.5584832, 0.6829299)    0    0   -11.00685114  0 2.120 -10.49680671
(13.4338074, -4.9671547, -8.9205742, 0.5680745, -0.7602572, -0.2729649, -0.1574501)    0    0   12.56236789  2 5.000 15.75085562
(10.2873317, 0.9376097, 1.0191106, 0.7792578, -0.5491617, -0.0407562, -0.2991951)    0    0   -39.59955815  0 5.000 -47.21213134
(8.7891497, 7.6541220, -11.8846908, -0.3171537, -0.4715202, 0.2979028, 0.7670307)    0    0   -14.83504366  7 4.840 -20.39305674
(12.9845191, -5.1152549, -9.0039934, 0.5680746, -0.7602572, -0.2729649, -0.1574500)    0    0   12.47454645  4 5.000 15.50594162
(9.2300900, 1.1117217, -18.4974904, -0.6509315, -0.3850019, 0.4644198, -0.4608427)    0    0   9.47832918  5 5.000 11.81438696
(9.7470164, 7.5346234, -11.7875325, 0.6928836, 0.2716065, 0.3126503, -0.5902474)    0    0   -14.62869790  6 4.920 -20.50611389
(7.3736081, 2.2114739, -6.6289059, 0.6570881, -0.6403567, 0.3892579, -0.0815894)    0    0   -37.98614376  0 5.000 -47.19838278
(9.0913883, 1.1613691, -18.2701310, -0.6509315, -0.3850019, 0.4644198, -0.4608427)    0    0   9.61120805  1 5.000 12.00832804
(8.9635875, 1.4113415, -18.4048597, -0.6509315, -0.3850019, 0.4644198, -0.4608427)    0    0   9.65118265  0 5.000 12.09847651
(10.0444916, 0.9525307, 1.0606981, 0.7792580, -0.5491615, -0.0407563, -0.2991949)    0    0   -41.86136135  6 4.920 -53.38576143
(9.1094297, 1.1343569, -18.2641082, -0.6509315, -0.3850019, 0.4644198, -0.4608427)    0    0   9.47734170  6 4.840 11.87341945
(12.9410137, -5.4411237, -8.9537225, 0.5680746, -0.7602571, -0.2729649, -0.1574500)    0    0   12.37224099  8 2.920 15.52807297
(9.1320673, 7.8336623, -11.6345513, 0.4403173, 0.4453788, -0.1477979, -0.7654503)    0    0   -13.48774945  4 4.440 -14.29203365
(14.0440555, 10.0974361, -6.4018562, -0.1638365, 0.7184408, 0.2495557, 0.6282694)    0    0   4.14341183  1 5.000 6.15655902
(7.3736232, 2.2278115, -6.6523876, 0.6570881, -0.6403567, 0.3892579, -0.0815894)    0    0   -40.25398674  3 5.000 -52.21339485
(8.6924104, 8.0625566, -11.7097653, -0.0394983, -0.4691942, 0.5584832, 0.6829299)    0    0   -15.12425655  7 3.560 -15.88684940
(8.9001382, 1.5347392, -18.4705568, -0.6509315, -0.3850019, 0.4644198, -0.4608427)    0    0   9.49074480  4 5.000 11.88771664
(13.4775795, 6.8251983, -12.3094239, 0.7338197, 0.0997682, 0.5697743, -0.3562473)    0    0   4.19907938  0 5.000 5.24884922
(8.8297947, 1.6746137, -18.5485378, -0.6509315, -0.3850019, 0.4644198, -0.4608427)    0    0   9.49564679  3 4.760 11.87746563
(14.2801979, 10.3908756, -6.5874469, -0.1638365, 0.7184408, 0.2495557, 0.6282694)    0    0   4.70590640  0 5.000 5.88238300
(10.2878100, 0.9378171, 1.0191713, 0.7792578, -0.5491617, -0.0407562, -0.2991951)    0    0   -40.17472896  1 5.000 -49.22220924
(13.2119275, -4.9806909, -8.6369326, 0.5680749, -0.7602569, -0.2729649, -0.1574499)    0    0   12.23569096  0 0.760 15.08568944
(9.6888683, 7.5260833, -11.5342649, 0.6318586, 0.3434659, 0.1634526, -0.6753290)    0    0   -15.83130261  9 4.680 -21.74702111
(15.5119133, 4.2913376, -8.0597162, -0.2545382, -0.6952532, -0.6472700, 0.1813141)    0    0   -5.34597564  2 5.000 -7.18395062
(9.8924902, 0.7191560, 0.9401155, 0.7792577, -0.5491618, -0.0407561, -0.2991952)    0    0   -41.25377317  4 5.000 -51.70353781
(15.4279080, 4.2997551, -7.7381609, -0.2545382, -0.6952532, -0.6472700, 0.1813141)    0    0   -4.71856290  0 5.000 -5.89820362
(12.9679194, -4.9187851, -9.0497698, 0.5680745, -0.7602572, -0.2729649, -0.1574501)    0    0   12.41596073  7 3.800 15.57203576
(13.4161561, -4.8211373, -8.8933705, 0.5680745, -0.7602572, -0.2729649, -0.1574501)    0    0   12.62026299  1 0.920 16.02130843
(13.1638881, -5.4080452, -8.8687303, 0.5680746, -0.7602571, -0.2729649, -0.1574500)    0    0   12.34615058  9 1.320 15.36655282
(12.9666023, -5.1214882, -9.0023847, 0.5680746, -0.7602571, -0.2729649, -0.1574500)    0    0   12.42959810  6 0.840 15.45796513
(10.3057104, 0.9460238, 1.0217142, 0.7792578, -0.5491616, -0.0407562, -0.2991950)    0    0   -41.30981580  5 4.840 -48.93119016
(9.2269454, 7.6023281, -11.7188267, -0.4403173, -0.4453788, 0.1477979, 0.7654503)    0    0   -12.51717682  3 5.000 -10.61352724
(10.1272998, 7.4504148, -11.6336103, 0.7273112, 0.1893210, 0.4498464, -0.4825083)    0    0   -12.61157373  4 4.840 -10.75346274
(12.8639694, -5.4289554, -8.9181901, 0.5680747, -0.7602570, -0.2729649, -0.1574500)    0    0   12.04142915  0 0.680 14.85067009
(8.9543199, 1.4319104, -18.4191825, -0.6509315, -0.3850019, 0.4644198, -0.4608427)    0    0   9.53120083  2 5.000 11.94677988
(12.5126269, -5.0328149, -8.7401222, 0.5680748, -0.7602570, -0.2729649, -0.1574499)    0    0   11.48884763  0 0.840 13.70007896
(9.6450061, 1.0871097, 1.1987113, 0.7792577, -0.5491618, -0.0407561, -0.2991952)    0    0   -41.12471570  3 5.000 -48.53842502
(13.4278949, -4.9643410, -8.9504467, 0.5680745, -0.7602572, -0.2729649, -0.1574501)    0    0   12.55285043  3 1.160 15.77659022
(8.9242818, 7.9653927, -12.0345236, -0.0394983, -0.4691942, 0.5584832, 0.6829299)    0    0   -11.85236262  1 4.040 -11.03984567
(0.0140638, 6.2067558, -10.9451920, -0.4376045, -0.2911505, -0.4722256, 0.7076275)    0    0   -41.78103752  1 5.000 -52.02231050
(9.1559498, 1.0743048, -18.2552350, -0.6509315, -0.3850019, 0.4644198, -0.4608426)    0    0   9.22372509  7 4.280 11.29160948
(15.3391967, 4.3086543, -7.3985807, -0.2545382, -0.6952532, -0.6472700, 0.1813141)    0    0   -4.92120845  1 5.000 -5.80088769
(12.7559879, -5.1782930, -9.0378443, 0.5680746, -0.7602571, -0.2729649, -0.1574500)    0    0   12.18072569  11 0.680 15.39546194
(12.9685487, -4.9940096, -9.0486404, 0.5680746, -0.7602571, -0.2729649, -0.1574500)    0    0   12.45142638  4 0.600 15.61871292
(7.5162726, 2.1160934, -6.2211667, 0.6570881, -0.6403567, 0.3892579, -0.0815894)    0    0   -38.67383884  1 5.000 -47.54690363
(7.3680376, 2.2120974, -6.6403646, 0.6570881, -0.6403567, 0.3892579, -0.0815894)    0    0   -39.34673015  2 5.000 -50.54793863
(-0.0115561, 5.9759869, -10.9269457, -0.4376045, -0.2911505, -0.4722256, 0.7076275)    0    0   -41.52201862  0 5.000 -51.90252328
