#Coordinates  RecID  LigID  Luciferin  Neighbor's number  Vision Range  Scoring
(-14.4355919, -13.7469464, -14.6303516, 0.1100771, -0.6034815, -0.6606586, -0.4326931)    0    0   0.84406390  3 3.560 2.07717638
(-1.6606715, -14.7714014, -23.3809923, -0.4378339, -0.4745674, 0.7627617, 0.0358020)    0    0   8.78830564  0 5.000 11.44636372
(-14.0335406, -13.8173767, -14.3092624, 0.1100910, -0.6034940, -0.6606686, -0.4326568)    0    0   0.71988093  5 5.000 1.29824152
(-14.1742682, -13.7924667, -14.4220539, 0.1100694, -0.6034757, -0.6606533, -0.4327113)    0    0   1.64707866  0 5.000 2.79068997
(-1.0115262, -14.9549456, -22.6909511, -0.4378113, -0.4745421, 0.7627928, 0.0357524)    0    0   8.39078128  5 5.000 10.65460268
(-13.6568294, -13.8120803, -14.1195717, 0.1100691, -0.6034841, -0.6606546, -0.4326977)    0    0   0.32399505  8 1.160 0.75240567
(-4.6586183, -9.7664349, -24.7000340, 0.4195440, 0.0464012, 0.5934816, -0.6852805)    0    0   7.39409860  5 5.000 9.15478827
(-11.8431300, -4.2489198, -13.9902426, -0.6204077, -0.7148796, 0.3104400, 0.0875695)    0    0   -23.84386776  0 5.000 -29.11808833
(-4.7803379, -9.9632970, -24.6152907, 0.4195869, 0.0464109, 0.5934421, -0.6852877)    0    0   7.52570718  0 5.000 9.47122153
(-1.3803969, -14.8320209, -23.1287055, -0.4378090, -0.4745271, 0.7628039, 0.0357420)    0    0   8.47766166  3 5.000 10.56565464
(-1.7382632, -14.7544592, -23.4507587, -0.4378365, -0.4745512, 0.7627707, 0.0357954)    0    0   8.42514037  4 2.040 10.81481834
(-4.7135204, -9.9323373, -24.6289657, 0.4196465, 0.0464201, 0.5934065, -0.6852815)    0    0   7.04353103  7 3.160 8.96450544
(1.7690916, -16.1097590, -12.2643184, -0.2399443, -0.0231695, 0.6804141, 0.6920452)    0    0   -13.31388549  5 5.000 -17.19401763
(1.7751780, -15.8882545, -12.5639847, -0.2399441, -0.0231667, 0.6804143, 0.6920452)    0    0   -11.60074697  0 5.000 -14.35951272
(2.9884879, -8.2464286, -15.6407566, -0.3311149, 0.2120000, -0.6440269, 0.6562379)    0    0   -43.18764461  1 5.000 -55.02439714
(1.7776303, -15.8786464, -12.5763531, -0.2399469, -0.0231705, 0.6804133, 0.6920451)    0    0   -12.64292227  4 5.000 -15.50943507
(2.9749501, -8.2557648, -15.6208435, -0.3311143, 0.2120002, -0.6440263, 0.6562388)    0    0   -41.73216648  0 5.000 -52.16520815
(-11.9640858, -4.0301501, -14.1250467, -0.6204047, -0.7148826, 0.3104371, 0.0875761)    0    0   -24.52325329  2 5.000 -30.44942153
(-14.2601699, -13.7989169, -14.4571283, 0.1100886, -0.6034929, -0.6606671, -0.4326613)    0    0   0.57754102  6 4.520 1.72941276
(-14.1077291, -13.7873827, -14.3948850, 0.1100353, -0.6034654, -0.6606325, -0.4327661)    0    0   -0.71786540  9 1.880 1.12371681
(-4.5605908, -9.6163524, -23.8661270, 0.4196590, 0.0464419, 0.5933997, -0.6852782)    0    0   5.01433547  9 2.520 7.47322109
(-12.4082748, -17.6872025, -17.5833037, -0.3632917, 0.5464573, 0.1987888, -0.7279331)    0    0   6.00663703  0 5.000 7.50829629
(-11.7428146, -4.1767185, -14.0825820, -0.6204035, -0.7148847, 0.3104345, 0.0875769)    0    0   -25.05776815  4 5.000 -31.87979296
(1.7644994, -16.1601351, -12.1985225, -0.2399442, -0.0231674, 0.6804142, 0.6920452)    0    0   -11.89553156  1 5.000 -14.35040132
(-4.8385350, -10.0994423, -24.5294676, 0.4195583, 0.0464050, 0.5934665, -0.6852845)    0    0   7.49433124  1 5.000 9.65821169
(-8.7113173, -5.0285610, -21.9556064, -0.4062658, -0.3977436, 0.8226245, 0.0060830)    0    0   -2.34988183  0 5.000 -2.93735229
(-1.1817921, -14.8300484, -23.0840896, -0.4378205, -0.4745627, 0.7627734, 0.0357793)    0    0   8.28700459  7 4.600 10.42820332
(-1.7470784, -14.7731153, -23.4089388, -0.4378010, -0.4745178, 0.7628151, 0.0357251)    0    0   8.60241066  2 5.000 10.83579573
(-1.3877201, -14.8076801, -23.1977403, -0.4378163, -0.4745467, 0.7627865, 0.0357633)    0    0   8.36725729  6 4.920 10.56866822
(-0.6105682, -14.7658838, -23.0956996, -0.4378291, -0.4745839, 0.7627542, 0.0358028)    0    0   7.87517078  9 1.240 10.53633377
(-14.2093819, -13.7983240, -14.4313523, 0.1100894, -0.6034923, -0.6606675, -0.4326613)    0    0   0.52321331  7 4.840 1.22174231
(1.8852614, -16.0302237, -12.3429850, -0.2399463, -0.0231674, 0.6804136, 0.6920450)    0    0   -12.01412262  2 5.000 -14.72433562
(-9.8957017, -11.2302122, -21.7336768, 0.5226166, -0.1530855, 0.2055442, 0.8131349)    0    0   -4.75248682  0 5.000 -5.94060853
(-1.8451659, -14.6524291, -23.7402046, -0.4378181, -0.4745472, 0.7627850, 0.0357674)    0    0   8.77419091  1 5.000 11.40146294
(-11.7351342, -4.4248997, -13.8347611, -0.6204023, -0.7148883, 0.3104296, 0.0875737)    0    0   -24.08591398  1 5.000 -28.54083738
(-14.2092488, -13.7841814, -14.4533641, 0.1100820, -0.6034890, -0.6606628, -0.4326750)    0    0   0.72527754  4 4.920 1.89495076
(-11.9297122, -4.1477874, -14.0827087, -0.6204008, -0.7148924, 0.3104239, 0.0875711)    0    0   -26.43859128  5 5.000 -31.61751607
(-4.5444936, -9.5342447, -24.8308255, 0.4195287, 0.0463976, 0.5934961, -0.6852776)    0    0   7.42201867  4 5.000 9.47722208
(1.7615551, -15.8423683, -12.6297022, -0.2399533, -0.0231674, 0.6804113, 0.6920449)    0    0   -12.09258300  3 5.000 -14.30080832
(-6.4164704, -18.7818881, -15.9964672, 0.0183675, -0.4492588, -0.6531545, 0.6092769)    0    0   -5.68061130  0 5.000 -7.10071968
(-6.3826100, -18.8718089, -15.9668691, 0.0183674, -0.4492588, -0.6531544, 0.6092770)    0    0   -6.13704266  1 5.000 -8.00184208
(-4.7108524, -9.6560512, -24.7835528, 0.4195196, 0.0464010, 0.5934852, -0.6852924)    0    0   7.26926239  6 3.800 9.30356038
(-14.6152681, -13.8143656, -14.6195150, 0.1100760, -0.6034822, -0.6606581, -0.4326931)    0    0   1.59100183  1 5.000 2.80899006
(-14.5659755, -13.7963691, -14.6218214, 0.1100724, -0.6034766, -0.6606550, -0.4327066)    0    0   1.00501803  2 2.360 2.58304322
(-11.7756916, -4.3774822, -13.9097965, -0.6204002, -0.7148872, 0.3104328, 0.0875864)    0    0   -24.59105231  3 5.000 -28.89216892
(-0.9435601, -14.9571083, -23.0147024, -0.4378401, -0.4746092, 0.7627306, 0.0358357)    0    0   8.14855710  8 2.360 10.32446778
(-4.5546828, -9.7375392, -24.1782471, 0.4199062, 0.0464737, 0.5932288, -0.6852727)    0    0   5.73247300  8 3.080 8.31171607
(-4.9845211, -9.8821468, -24.6962392, 0.4195688, 0.0464095, 0.5934492, -0.6852928)    0    0   7.42683778  3 5.000 9.30039182
(-4.5669250, -10.1091280, -24.3523338, 0.4195310, 0.0464071, 0.5934628, -0.6853044)    0    0   7.43012110  2 5.000 9.48714690
(1.2828068, -15.9075470, -12.0150875, -0.2399639, -0.0231567, 0.6804093, 0.6920436)    0    0   -26.95490132  6 4.280 -28.46334827
