#Coordinates  RecID  LigID  Luciferin  Neighbor's number  Vision Range  Scoring
(10.2473986, -1.9687351, 18.5905415, 0.0221635, -0.6890797, -0.2533987, -0.6785772)    0    0   8.81956690  1 3.000 10.88018356
(10.2432777, -1.9814388, 18.6001562, 0.0231677, -0.6905283, -0.2555449, -0.6762623)    0    0   8.16287309  6 1.080 10.21364331
(9.7678602, -1.9493563, 18.4496088, -0.1798395, 0.7942155, 0.5520242, 0.1793008)    0    0   9.03616106  8 3.240 11.30098666
(9.2310307, 5.2573466, 21.3301943, -0.2961722, -0.2649413, 0.7032903, 0.5894667)    0    0   -4.01384042  10 3.240 -7.89208584
(5.1236183, 6.8812821, 5.6545575, 0.6724871, 0.4135713, -0.5353371, 0.3002233)    0    0   -119.76799973  0 5.000 -149.70999966
(6.7887054, -1.8420282, 17.6791865, -0.2701727, 0.6021481, 0.6440006, -0.3868948)    0    0   10.65220750  5 0.600 12.86333710
(10.2300997, -1.5969646, 18.5767816, 0.0227026, -0.6898585, -0.2545512, -0.6773356)    0    0   8.68045425  4 2.120 11.25972235
(7.6362749, 3.5440336, 23.0149270, -0.3600189, -0.0622462, 0.7123339, 0.5992430)    0    0   10.39637940  4 4.280 13.16594289
(7.3702336, 3.4425640, 23.4084331, -0.3609940, -0.0586628, 0.7122043, 0.5991720)    0    0   10.52297354  1 5.000 13.31250845
(10.2192087, -2.0675851, 18.5719174, 0.0605746, -0.7382692, -0.3335389, -0.5831304)    0    0   1.57156795  9 0.360 1.49944720
(11.0235560, 2.7516849, 5.8213375, 0.2629706, -0.6859891, -0.5014893, -0.4569179)    0    0   -45.40019579  1 5.000 -56.39447768
(8.5950867, 4.6831489, 21.9734845, -0.3472080, -0.1076637, 0.7131239, 0.5994243)    0    0   3.39407308  6 4.040 8.12224762
(13.1414084, -7.6794265, 14.2665988, 0.6805417, 0.5326580, 0.2248082, -0.4501108)    0    0   10.43220502  4 5.000 13.12118535
(12.7825490, -7.6435618, 14.2603650, 0.6805417, 0.5326580, 0.2248082, -0.4501108)    0    0   10.48370556  2 5.000 13.01882698
(7.2250495, -1.7343184, 17.6698976, -0.2702188, 0.6017941, 0.6439674, -0.3874682)    0    0   11.15849418  3 2.840 14.16106169
(7.2626197, -1.8169440, 17.7124048, -0.2702246, 0.6017499, 0.6439632, -0.3875399)    0    0   11.54469738  0 5.000 14.54971725
(-4.4454396, 6.2188211, 17.0604145, -0.2952385, -0.7248450, 0.6207366, -0.0460440)    0    0   -17.33482472  2 5.000 -21.29546555
(12.3089579, -7.5961446, 14.2522935, 0.6805417, 0.5326580, 0.2248082, -0.4501108)    0    0   10.59131524  0 5.000 13.23914405
(13.2544849, 9.4478799, 10.7664720, 0.0046400, -0.1600820, 0.0149637, -0.9869794)    0    0   -33.51640691  1 5.000 -40.20367045
(11.8966354, -7.4937970, 14.3551713, 0.6805417, 0.5326580, 0.2248082, -0.4501108)    0    0   10.43982697  3 5.000 13.08554384
(-4.3337111, 5.7824426, 17.2757416, -0.2952385, -0.7248450, 0.6207366, -0.0460440)    0    0   -17.63437659  4 5.000 -22.41072231
(10.2589484, -2.1353783, 18.5883057, 0.0252053, -0.6934411, -0.2598912, -0.6715361)    0    0   8.06132991  7 1.960 10.35624587
(6.9214038, -1.6258886, 17.6074480, -0.2702069, 0.6018856, 0.6439760, -0.3873201)    0    0   11.25686851  2 2.280 14.24249603
(9.7498933, -1.6728312, 18.4432479, -0.1798395, 0.7942155, 0.5520242, 0.1793008)    0    0   8.77452571  10 2.920 10.80812010
(-4.3323976, 5.7773144, 17.2782717, -0.2952385, -0.7248450, 0.6207366, -0.0460440)    0    0   -17.47867575  3 5.000 -22.07064713
(-4.4421035, 6.2044079, 17.0678198, -0.2952385, -0.7248450, 0.6207366, -0.0460440)    0    0   -17.27996130  1 5.000 -21.38731390
(13.5119768, 9.6539302, 11.0477863, 0.0046400, -0.1600820, 0.0149637, -0.9869794)    0    0   -33.22130856  0 5.000 -41.52663570
(8.5634457, -6.0176209, 7.0531841, -0.8982700, 0.2328823, 0.0612648, 0.3675915)    0    0   -38.18152388  0 5.000 -47.72690486
(10.2211746, -1.5458680, 18.5943156, 0.0233154, -0.6907407, -0.2558604, -0.6759209)    0    0   8.30810235  4 0.600 11.09708556
(8.7157911, 5.0707074, 21.7122815, -0.3369007, -0.1421965, 0.7126572, 0.5986633)    0    0   0.84580057  7 4.440 2.35123785
(7.1757186, -1.8140661, 17.7027752, -0.2702171, 0.6018076, 0.6439687, -0.3874464)    0    0   10.95783117  5 5.000 13.30032996
(11.3065345, 3.1005668, 6.0291825, 0.2629706, -0.6859891, -0.5014893, -0.4569179)    0    0   -45.28786864  0 5.000 -56.60983580
(9.1454688, 5.5948054, 21.1685578, -0.2468629, -0.3917605, 0.6799953, 0.5684969)    0    0   -0.85703888  10 3.960 -1.13342992
(8.4537466, 4.7726768, 22.0196965, -0.3503050, -0.0969530, 0.7130806, 0.5995020)    0    0   4.00435777  5 4.200 9.13811450
(8.8731223, 5.4365309, 21.4213466, -0.2713935, -0.3311786, 0.6929608, 0.5800617)    0    0   -0.74530652  8 4.200 -6.43683272
(11.2891310, 3.0791081, 6.0163972, 0.2629706, -0.6859891, -0.5014893, -0.4569179)    0    0   -46.31897181  3 5.000 -59.06640183
(7.2707501, 3.7681999, 23.5836948, -0.3606045, -0.0600962, 0.7122573, 0.5992014)    0    0   10.40814033  3 5.000 13.34384785
(11.3442045, 3.1470093, 6.0568501, 0.2629706, -0.6859891, -0.5014893, -0.4569179)    0    0   -45.81905325  2 5.000 -57.27000861
(10.2205114, -1.6912654, 18.4229411, 0.0330557, -0.7043314, -0.2765326, -0.6529582)    0    0   5.69698284  8 1.720 8.90317159
(12.2803050, -7.5932758, 14.2518052, 0.6805417, 0.5326580, 0.2248082, -0.4501108)    0    0   10.56160385  1 5.000 13.29348238
(8.8358478, 5.2146853, 21.5318019, -0.3153384, -0.2096118, 0.7090328, 0.5948925)    0    0   -0.85001951  9 4.520 -3.38126190
(7.0693072, -1.4778007, 17.5797859, -0.2702160, 0.6018158, 0.6439694, -0.3874331)    0    0   11.12976100  4 1.560 14.54971369
(7.2669072, -1.8165123, 17.7127612, -0.2702141, 0.6018308, 0.6439708, -0.3874089)    0    0   11.26905586  1 5.000 14.78167768
(7.5136471, -2.4238831, 18.0469914, -0.2702155, 0.6018199, 0.6439698, -0.3874264)    0    0   10.95113279  6 4.520 14.13923267
(6.7107781, -1.8670465, 17.7107171, -0.2701659, 0.6022003, 0.6440055, -0.3868103)    0    0   10.94758193  7 4.440 13.82298136
(7.2796998, 3.4687564, 23.5469784, -0.3605071, -0.0604546, 0.7122703, 0.5992086)    0    0   10.44026081  2 5.000 13.23580861
(10.3015092, -1.9896230, 18.6069744, 0.0612360, -0.7390020, -0.3348829, -0.5813602)    0    0   1.57728786  9 0.520 1.19561137
(10.2442772, -1.8657568, 18.6311795, 0.0222903, -0.6892632, -0.2536700, -0.6782853)    0    0   8.75207725  3 1.960 11.08382297
(-4.3629456, 5.8966253, 17.2193988, -0.2952385, -0.7248450, 0.6207366, -0.0460440)    0    0   -16.58184476  0 5.000 -20.72730562
(7.4882635, 3.4856663, 23.2337030, -0.3600189, -0.0622462, 0.7123339, 0.5992430)    0    0   10.58196295  0 5.000 13.39275681
