#Coordinates  RecID  LigID  Luciferin  Neighbor's number  Vision Range  Scoring
(13.5942127, 3.0045777, 2.1689760, -0.0959314, 0.6800814, -0.0598374, 0.7243659)    0    0   -17.54364246  0 0.600 -50.10910615
(22.7069472, 0.3211761, 3.9492216, -0.1375057, 0.4672968, -0.8662005, 0.1114567)    0    0   -6.38512577  0 0.600 -22.21281443
(21.4715515, 5.5843408, 0.3113599, -0.7297905, -0.2279777, 0.3190890, 0.5600127)    0    0   -13.52302846  0 0.600 -40.05757116
(22.0706358, 5.3338679, -4.1602647, -0.0589559, -0.8286237, 0.5327954, 0.1613567)    0    0   -11.15781381  0 0.600 -34.14453453
(27.5005411, 3.7407303, -1.8949893, -0.5214354, 0.3062857, -0.7228611, -0.3343143)    0    0   -6.38516366  0 0.600 -22.21290916
(20.0290112, 2.0803637, 2.4670287, -0.8299580, -0.0433559, -0.5551808, -0.0326246)    0    0   -14.18912387  0 0.600 -41.72280969
(13.7281996, 7.1709390, 4.3203728, -0.2660408, 0.8748655, -0.0583037, -0.4005413)    0    0   -34.80715379  0 0.600 -93.26788448
(26.9990815, 7.4282372, -6.3703603, -0.9165720, 0.1815632, 0.3537999, -0.0419076)    0    0   -7.48505948  0 0.600 -24.96264869
(25.5858044, 4.5459603, -8.1682188, 0.5683549, -0.4709298, 0.0016532, -0.6746814)    0    0   -9.53902277  0 0.600 -30.09755692
(22.6770620, 0.3666824, -4.6072978, -0.4242201, -0.8468367, -0.3161072, -0.0546000)    0    0   -8.95123060  0 0.600 -28.62807649
(28.5979094, -2.0960442, -0.2743276, 0.6357337, 0.4613710, -0.2594065, 0.5618610)    0    0   3.33096835  0 0.600 2.07742088
(26.1526560, 1.4003129, -3.2735791, -0.7507557, -0.1418072, 0.6394330, -0.0859191)    0    0   -3.35036792  0 0.600 -14.62591980
(12.8970809, 0.4690902, 0.3311995, 0.2827892, 0.1344962, -0.8948902, 0.3179820)    0    0   -7.67037888  0 0.600 -25.42594720
(20.6412230, -1.3409358, 7.1873107, -0.2685529, -0.7749700, 0.0286342, 0.5713852)    0    0   -0.65008649  0 0.600 -7.87521624
(15.3527625, 4.2890616, -3.6314332, 0.1380303, -0.5985233, -0.4298889, -0.6617500)    0    0   -10.87654432  0 0.600 -33.44136080
(21.2065530, 8.4651921, -5.8011709, -0.3148420, 0.0207661, 0.9484721, 0.0290501)    0    0   -11.43833280  0 0.600 -34.84583200
(21.9356292, -2.2237213, 0.1309581, -0.0185233, 0.9694131, -0.2376651, -0.0583986)    0    0   5.75562705  0 0.600 8.13906762
(21.7345238, 7.0298650, -2.2597799, 0.0811158, 0.1373515, 0.5578426, 0.8144731)    0    0   -5.53751673  0 0.600 -20.09379183
(22.6957540, 1.7125844, 9.5747461, 0.8715470, -0.0602832, 0.4465612, -0.1932740)    0    0   -5.40378930  0 0.600 -19.75947325
(27.3556759, 7.0274390, 4.9974380, 0.8179525, -0.1135602, 0.2550479, 0.5029993)    0    0   -7.14082924  0 0.600 -24.10207310
(15.3935920, 8.6116665, 1.9845413, 0.7891920, 0.4709198, 0.0834443, -0.3852890)    0    0   -17.42041811  0 0.600 -49.80104526
(19.4695905, 3.7314178, 9.5830751, 0.8310762, -0.3188668, 0.4536468, -0.0429050)    0    0   -11.43157550  0 0.600 -34.82893876
(16.3037152, 0.1277819, 0.5595741, 0.5670107, -0.0362699, -0.0481790, 0.8214999)    0    0   -6.08543773  0 0.600 -21.46359432
(11.9609813, 1.1007714, -0.6655960, 0.5019177, 0.0004648, 0.2043232, -0.8404347)    0    0   -27.66418672  0 0.600 -75.41046681
(27.8128078, 0.4577217, 2.8963316, -0.2947611, -0.5181032, 0.8016900, -0.0444766)    0    0   -8.74744199  0 0.600 -28.11860498
(22.8170235, 9.4466349, -1.8096456, -0.8996746, -0.4013768, 0.1519010, 0.0800524)    0    0   -14.84005057  0 0.600 -43.35012642
(15.6336616, -3.2440509, -4.1125283, 0.0737471, 0.3333730, -0.6398566, -0.6884819)    0    0   0.94254934  0 0.600 -3.89362666
(16.2550350, -1.0849699, -1.4697753, 0.2505857, 0.6217058, 0.7291346, -0.1380265)    0    0   3.50965302  0 0.600 2.52413255
(21.8556206, 5.6280146, 6.3337423, -0.0301340, 0.4519355, -0.8736756, 0.1775874)    0    0   -4.89645870  0 0.600 -18.49114675
(18.5215817, 3.9032830, -0.0160297, -0.0044434, -0.2954712, 0.6164126, -0.7298716)    0    0   -13.75151894  0 0.600 -40.62879734
(14.9356569, -0.6095218, -5.3292156, -0.3176784, 0.0575818, 0.3406081, 0.8830350)    0    0   -15.25139939  0 0.600 -44.37849847
(24.4766279, -1.6565331, 6.6160838, 0.0989803, 0.2700804, -0.0217095, 0.9574906)    0    0   0.27760977  0 0.600 -5.55597559
(14.8613468, 4.8633170, 6.4145851, -0.2829418, 0.4715054, 0.1472535, 0.8221575)    0    0   -20.61758217  0 0.600 -57.79395543
(25.3505555, 11.9641015, 1.5625103, 0.6118230, 0.2501274, -0.0564965, 0.7482760)    0    0   -12.07278546  0 0.600 -36.43196365
(28.9718667, 2.8574613, -3.5285579, 0.3834673, 0.6020934, 0.6961418, 0.0763087)    0    0   -6.30573767  0 0.600 -22.01434419
(15.8040837, 4.7919299, -6.2025868, -0.7711802, -0.3137800, 0.3974144, 0.3858562)    0    0   1.25002699  0 0.600 -3.12493253
(24.1213932, 10.7459971, -0.7770207, 0.8571939, 0.0024729, 0.2127938, 0.4689683)    0    0   -17.65798201  0 0.600 -50.39495503
(29.0303794, 2.8745667, -2.1353679, 0.4009132, 0.5415207, 0.0949652, -0.7328066)    0    0   -1.27374344  0 0.600 -9.43435861
(28.6203539, 6.0323181, 4.0335887, 0.4088055, 0.8186706, -0.3324775, 0.2282876)    0    0   -5.83324946  0 0.600 -20.83312366
(25.9790412, 3.9538520, 8.2528641, -0.5304703, -0.7908834, -0.1998302, -0.2305918)    0    0   2.44916928  0 0.600 -0.12707680
(25.2832735, 7.4536889, 4.8898607, 0.8404086, -0.1686672, 0.5134632, 0.0402537)    0    0   -9.62416207  0 0.600 -30.31040516
(14.4111381, 0.2295053, -1.1575002, -0.7148157, -0.4410091, -0.3195995, -0.4386406)    0    0   -14.32339707  0 0.600 -42.05849268
(17.5064075, 0.9622738, 0.0723169, 0.3154632, 0.4893291, -0.2225412, -0.7819946)    0    0   -4.56311723  0 0.600 -17.65779308
(20.2548449, -1.7211538, -0.4084603, 0.8736593, -0.1023580, 0.1796442, 0.4404205)    0    0   0.85594199  0 0.600 -4.11014502
(18.2151672, 3.8419070, 9.7044914, -0.2116681, -0.6045413, -0.6463211, 0.4147234)    0    0   -13.92932531  0 0.600 -41.07331326
(27.7074438, 1.3855683, 1.0006689, 0.0574706, -0.3602820, -0.6302750, 0.6853083)    0    0   -9.55438615  0 0.600 -30.13596536
(25.6254534, 3.0549562, 8.2994818, -0.4012008, -0.1964372, -0.6135681, -0.6511409)    0    0   -6.93782300  0 0.600 -23.59455750
(19.2864393, -0.4645371, -4.1856030, -0.5254928, 0.5154610, -0.6591019, 0.1540841)    0    0   -1.54862284  0 0.600 -10.12155709
(23.8004980, 3.4641670, -1.3177427, 0.6139467, 0.4567571, -0.3378660, -0.5479863)    0    0   -7.32310325  0 0.600 -24.55775813
(22.5930146, -4.9672643, -3.9877623, 0.5663167, -0.3790144, 0.3886937, -0.6201215)    0    0   4.33856797  0 0.600 4.59641993
