#Coordinates  RecID  LigID  Luciferin  Neighbor's number  Vision Range  Scoring
(2.7800020, -8.8842598, 3.4081852, 0.3945811, -0.3752518, 0.0898312, 0.8339198)    0    0   -72.43800645  1 5.000 -91.80364430
(-5.9556911, -0.0988291, 10.0017490, -0.1991895, -0.0750921, 0.9386757, 0.2712429)    0    0   -62.04114511  1 5.000 -75.15281669
(-6.0455823, -0.5003298, 10.2152279, -0.1992197, -0.0751142, 0.9386542, 0.2712890)    0    0   -61.81279139  0 5.000 -76.09517926
(1.4486079, -1.8092913, 17.3776831, 0.6994266, 0.7031535, -0.1109811, 0.0637240)    0    0   4.72333178  2 5.000 7.66048628
(1.0554410, -6.4923035, 8.7885015, -0.8490590, -0.0805450, 0.4959777, 0.1631487)    0    0   -80.37313154  5 4.920 -96.72541895
(-4.4974694, -14.3805210, 6.4242159, 0.3823324, 0.2668198, -0.0898196, -0.8800918)    0    0   -42.98467040  2 5.000 -53.12347085
(-11.0335648, -6.3648718, 7.4118166, 0.7571203, -0.2037913, 0.4022074, -0.4727231)    0    0   -48.56256848  0 5.000 -60.70327445
(-4.7583813, -14.7699940, 6.5980881, 0.3822246, 0.2672342, -0.0899006, -0.8800046)    0    0   -42.40959180  1 5.000 -53.04511510
(-5.9393056, -9.0950851, 7.1267093, -0.0623500, -0.3680018, -0.7084105, -0.5990340)    0    0   -67.49061016  3 5.000 -81.65271347
(0.6924090, -5.9841167, 8.5748714, -0.8608654, -0.0499934, 0.4848432, 0.1460769)    0    0   -83.80584115  6 4.840 -101.74357917
(0.0645316, -12.3134786, 14.4783731, -0.6148203, -0.3733733, 0.4676468, 0.5137070)    0    0   1.91886357  6 4.360 6.55816836
(-9.5117113, -14.5496215, 13.8594313, -0.9361544, -0.3362752, -0.0943245, 0.0404573)    0    0   -8.95521510  2 5.000 -8.69968820
(-6.2533947, -0.7940653, 10.4233301, -0.1990223, -0.0757369, 0.9385767, 0.2715286)    0    0   -66.26935253  3 5.000 -77.52120842
(1.5167003, -1.4502988, 17.9450198, 0.6992644, 0.7033524, -0.1106624, 0.0638635)    0    0   5.12029218  0 5.000 8.27708680
(-8.0544266, -5.1524884, 15.2279378, 0.2058362, 0.4105541, -0.0518736, 0.8867840)    0    0   -14.50021204  0 5.000 -18.12528830
(-0.7596214, -11.2685296, 14.0386823, -0.6143287, -0.3730671, 0.4684497, 0.5137860)    0    0   -6.98542988  7 4.280 -1.79242027
(2.3761721, -8.1200224, 3.4462427, 0.3943884, -0.3741926, 0.0949786, 0.8339166)    0    0   -84.40712523  4 4.440 -100.09588785
(-0.2908047, -12.4595473, 14.6230658, -0.6165101, -0.3721216, 0.4662492, 0.5138604)    0    0   6.58695919  1 5.000 8.52357164
(-7.9913435, -5.7109227, 14.4866682, 0.2062332, 0.4112999, -0.0526904, 0.8862979)    0    0   -22.54200639  1 5.000 -24.01057179
(-0.0183917, -2.4513891, 16.1991683, 0.6988889, 0.7037372, -0.1112525, 0.0626994)    0    0   -9.79209712  6 3.640 -8.88658237
(-6.0420022, -9.1223181, 7.4817874, -0.0633091, -0.3686509, -0.7084275, -0.5985139)    0    0   -55.93433313  0 5.000 -69.79522162
(1.1355991, -9.4525925, 9.5687615, -0.7819957, -0.2032894, 0.5178053, 0.2811297)    0    0   -66.10078906  5 5.000 -81.62312917
(2.7556177, -8.0903980, 3.1113717, 0.3948528, -0.3750134, 0.0908857, 0.8337842)    0    0   -77.76103849  3 5.000 -91.72261555
(-5.8165821, -8.9436607, 7.2574181, -0.0633424, -0.3685494, -0.7084016, -0.5986036)    0    0   -57.58601137  2 5.000 -69.98460881
(-0.1996965, -12.5367189, 14.5472941, -0.6160555, -0.3722641, 0.4660419, 0.5144901)    0    0   6.69336366  0 5.000 9.26836680
(-6.1291354, -9.1360286, 7.1387702, -0.0633104, -0.3686457, -0.7084331, -0.5985104)    0    0   -57.56625541  1 5.000 -70.73945760
(1.5273467, -1.5898386, 17.7517771, 0.6996657, 0.7028682, -0.1115247, 0.0632967)    0    0   0.64686870  5 3.480 4.30906206
(1.0466014, -8.6442140, 11.2066901, -0.6717955, -0.3275776, 0.4913505, 0.4471670)    0    0   -47.59124184  4 5.000 -47.29690345
(0.4084206, -10.8469591, 13.4068845, -0.6173210, -0.3682384, 0.4726480, 0.5098226)    0    0   -11.80332723  8 3.880 -8.02681070
(1.4545693, -1.2612585, 18.1747329, 0.6993927, 0.7031917, -0.1109314, 0.0637610)    0    0   4.96125327  1 4.920 7.68812340
(-9.4973007, -14.1058177, 13.2574342, -0.9359420, -0.3344190, -0.1025059, 0.0408530)    0    0   -17.17751187  3 5.000 -17.08167143
(-0.1126392, -12.3293790, 14.4295763, -0.6220813, -0.3712351, 0.4707807, 0.5035523)    0    0   3.36925700  5 5.000 6.08391250
(-9.6545662, -13.6729858, 13.0514403, -0.9344105, -0.3319820, -0.1220659, 0.0420114)    0    0   -24.87309245  4 5.000 -24.71466080
(2.7498346, -8.7807878, 3.3892603, 0.3944670, -0.3752585, 0.0898180, 0.8339722)    0    0   -73.10974007  2 5.000 -92.43227591
(-6.1508330, -0.9371046, 10.4687867, -0.1990871, -0.0750197, 0.9387859, 0.2709564)    0    0   -62.17896165  2 5.000 -75.61770443
(1.0778312, -8.7101354, 11.0542676, -0.6699650, -0.3234439, 0.4767830, 0.4681976)    0    0   -50.74798758  5 5.000 -49.22463501
(-0.3463518, -12.5585006, 14.5582119, -0.6180121, -0.3720756, 0.4669328, 0.5114631)    0    0   6.54902217  2 5.000 8.36246833
(0.4835917, -12.6177357, 14.5011190, -0.6159806, -0.3723923, 0.4683980, 0.5123428)    0    0   5.92617634  4 5.000 8.36570174
(0.4818846, -8.5191366, 10.4426489, -0.6425349, -0.3598405, 0.4835285, 0.4731425)    0    0   -66.74651950  6 3.800 -77.47883119
(1.4555006, -1.8073495, 17.3853486, 0.6995229, 0.7030260, -0.1112020, 0.0636891)    0    0   3.97149723  3 5.000 7.76766062
(-4.5629021, -14.4781948, 6.4678204, 0.3822271, 0.2672058, -0.0899236, -0.8800098)    0    0   -41.85958635  0 5.000 -52.32334824
(0.2818753, -10.3624418, 12.8092901, -0.6019457, -0.3807401, 0.4586017, 0.5313971)    0    0   -29.41561662  9 3.560 -23.57592524
(2.7149115, -8.6377898, 3.3675531, 0.3943133, -0.3752638, 0.0897913, 0.8340453)    0    0   -70.77736793  0 5.000 -87.78030644
(-7.8870644, -10.8888724, 18.9992154, 0.5537840, -0.7264972, 0.3823523, -0.1390389)    0    0   7.98256047  0 5.000 9.97820414
(0.0079840, -12.6809390, 14.3925842, -0.6149661, -0.3721963, 0.4655222, 0.5163097)    0    0   6.45633809  3 5.000 8.35746458
(-10.2408541, -13.8019306, 14.5228645, -0.9377600, -0.3336455, -0.0879280, 0.0394413)    0    0   -1.88965853  0 5.000 -2.36208137
(-0.4629871, -2.6338835, 15.9555395, 0.7014350, 0.7010130, -0.1129942, 0.0616603)    0    0   -11.55275978  7 3.960 -10.14262769
(1.0247868, -8.7004712, 11.2140086, -0.6749643, -0.3191972, 0.4913860, 0.4484152)    0    0   -46.56956098  3 5.000 -45.84750971
(-9.7729049, -14.2623360, 14.1122681, -0.9369659, -0.3349539, -0.0911238, 0.0399655)    0    0   -7.36246816  1 5.000 -7.16389655
(1.5792756, -1.5551959, 17.8373513, 0.6994435, 0.7031314, -0.1110230, 0.0637087)    0    0   1.77142231  4 5.000 4.63731692
