#Coordinates  RecID  LigID  Luciferin  Neighbor's number  Vision Range  Scoring
(-8.9837255, 13.0122083, 11.3200311, 0.4144519, 0.6895670, -0.5305089, 0.2669969)    0    0   -32.75723036  3 3.800 -40.47553013
(-0.1192769, 7.0156395, 8.2396880, 0.3414315, -0.5837922, 0.7096946, 0.1973443)    0    0   -105.29965695  0 4.200 -131.75934595
(-6.6960036, 24.2243553, 10.0034453, -0.2512740, 0.2194221, 0.9300922, -0.1537654)    0    0   -0.61579248  2 3.560 -0.60804356
(-6.7838482, 20.1441070, 12.0559537, -0.3088463, 0.2410854, -0.7859076, 0.4783732)    0    0   -14.76740230  2 3.640 -13.01563077
(-1.3723419, 14.8550246, 3.2270149, -0.8577316, 0.1089986, 0.4550498, 0.2129447)    0    0   -80.71341409  4 3.400 -104.81839516
(-13.7083306, 13.6114676, 11.3755403, -0.7707486, -0.6155036, 0.1239658, 0.1083260)    0    0   -38.52346697  0 4.200 -48.20751488
(-4.6616365, 7.4008915, 9.3789159, -0.0672125, -0.7960969, -0.0821890, -0.5957829)    0    0   -89.87805227  3 3.560 -110.72810334
(-6.3780997, 20.5133201, 17.0441142, -0.8773120, -0.3050750, 0.0937646, -0.3584148)    0    0   7.07447724  0 4.120 10.42091092
(-1.2447778, 21.3557235, 13.1227937, -0.1543445, 0.4711099, 0.8248756, 0.2716864)    0    0   -0.36238722  0 4.200 -0.45953630
(-0.8584828, 17.0104541, 4.4469914, -0.5451237, 0.0580964, 0.7272231, 0.4130515)    0    0   -53.53260344  0 4.200 -66.98727507
(-2.1027098, 20.6895755, 2.3783580, -0.0934575, 0.4146860, 0.5685935, 0.7042745)    0    0   -46.39506280  0 4.200 -58.05662795
(-12.3139064, 20.4120335, 10.8614486, -0.3392356, -0.1621822, -0.6670083, -0.6432076)    0    0   0.07030984  2 3.480 2.31295095
(1.3451642, 12.2952748, 8.9748202, 0.0860358, 0.3554475, -0.9306124, 0.0146783)    0    0   -86.60798226  1 4.120 -108.37191328
(0.5875102, 14.8322500, 14.3450075, 0.2853839, -0.0175603, -0.9283734, 0.2374246)    0    0   -34.56282498  3 3.880 -43.32640365
(-5.2833180, 16.1814511, 9.1917406, 0.3130305, -0.4340067, -0.7318471, -0.4219597)    0    0   -56.38129691  0 3.880 -68.30614182
(-9.3703909, 15.0252318, 12.2943347, 0.1413367, 0.7752642, -0.4958726, 0.3648282)    0    0   -20.03647571  0 4.200 -25.07618662
(-7.4408828, 23.3374621, 14.1113756, 0.0542235, 0.8489942, -0.1684963, 0.4978731)    0    0   6.04752769  0 4.200 7.56068958
(-12.5354004, 20.1325557, 9.8592576, -0.4579237, -0.1792798, -0.6910254, -0.5297627)    0    0   8.67552660  0 4.200 10.84889936
(-9.8157317, 19.5668056, 6.2118212, 0.1081701, -0.6377646, -0.1472334, -0.7482499)    0    0   -30.37224147  0 4.200 -38.00852305
(-4.3777927, 21.8835631, 5.9106037, -0.4735461, -0.6947361, -0.0771807, 0.5358535)    0    0   -4.35087712  1 3.880 1.23262362
(-1.7707622, 20.6232453, 2.0499750, -0.0942517, 0.4354049, 0.5708164, 0.6897158)    0    0   -48.59836731  1 3.800 -60.65791184
(-6.3840630, 24.0804523, 10.3850757, -0.2133713, 0.1705706, 0.9516550, -0.1404676)    0    0   -0.27681114  1 3.560 4.12830395
(-12.2574275, 20.5081296, 10.8559041, -0.3541965, -0.1561258, -0.6658172, -0.6378535)    0    0   1.96094859  1 3.960 3.97520168
(-5.2373704, 14.5854825, 17.2910339, 0.0938598, -0.0340451, -0.6857942, -0.7209144)    0    0   3.66482081  0 4.200 4.57939456
(-9.6648370, 10.0562000, 13.5343130, -0.4018709, -0.5758694, -0.5814330, -0.4108648)    0    0   -25.20017920  0 4.120 -30.08175201
(-9.2766031, 10.1513199, 13.7507180, -0.3693195, -0.5787627, -0.6007769, -0.4095167)    0    0   -26.85217875  1 3.880 -31.89339506
(-1.0239988, 24.4044316, 8.5904799, -0.5400189, -0.4047433, -0.4016097, 0.6190897)    0    0   3.73780568  0 4.200 4.67071483
(-7.3447337, 19.3457764, 13.4275427, -0.2791926, 0.2549580, -0.7286928, 0.5710120)    0    0   -3.34268790  1 3.720 0.06935047
(-1.1589706, 24.3728940, 8.3267267, -0.5468051, -0.4183097, -0.4047471, 0.6018313)    0    0   3.24370125  1 3.720 4.97506921
(-4.8997616, 12.7591813, 4.6933975, -0.7631069, 0.3366231, -0.4538111, -0.3137010)    0    0   -77.25931545  3 3.880 -102.79790135
(0.6069896, 14.8445985, 14.3238176, 0.2938296, -0.0119693, -0.9353688, 0.1964843)    0    0   -33.21951781  1 3.720 -40.85328412
(-1.2050695, 16.2883383, 3.1803349, -0.5713876, 0.1034685, 0.7084666, 0.4011055)    0    0   -60.81424523  1 3.880 -72.38654792
(2.5376279, 13.2460683, 14.0673091, 0.2601693, 0.2321828, -0.9062378, 0.2390318)    0    0   -34.41758713  2 3.960 -42.45938245
(-2.9649595, 14.8605795, 5.2938060, -0.9068205, 0.2537869, 0.3265179, -0.0815773)    0    0   -73.69285703  2 3.880 -84.19399550
(-3.0623799, 14.3256168, 3.6655669, -0.9747102, 0.1264425, 0.1824992, -0.0254222)    0    0   -61.33666499  1 4.120 -76.75188777
(0.9521510, 9.8022272, 11.0720934, 0.1019552, -0.2488621, -0.9126895, -0.3076859)    0    0   -84.25864516  0 4.200 -105.43237127
(-9.5866102, 9.5416698, 12.4537781, -0.3772969, -0.5942445, -0.5347011, -0.4675631)    0    0   -34.15403378  3 3.720 -44.68476996
(1.5009792, 15.2793917, 14.3143939, 0.3651695, -0.0226146, -0.9087668, 0.2007055)    0    0   -32.20449711  0 3.880 -37.33541255
(-6.5759394, 24.1684255, 10.2525184, -0.2619742, 0.2281299, 0.9250009, -0.1539468)    0    0   0.48097806  0 4.200 0.59570080
(-4.0929062, 22.1420519, 5.7444803, -0.4350788, -0.7156470, -0.0037684, 0.5463896)    0    0   0.11926406  0 4.200 0.14311632
(-4.4548528, 8.7029708, 10.8593122, -0.2593240, -0.7665684, -0.1583269, -0.5657354)    0    0   -70.24580482  0 4.200 -87.89919860
(-5.1371333, 12.4847268, 4.6333783, -0.6419028, 0.6038898, -0.4402330, -0.1716765)    0    0   -77.79962829  3 3.240 -94.68452136
(-0.5885479, 23.3014262, 8.3041089, -0.5727004, -0.3562265, -0.3804725, 0.6327382)    0    0   -9.78021065  2 3.720 -9.59117949
(-4.7730653, 8.2320281, 10.6869976, -0.1530654, -0.7666379, -0.1610303, -0.6024173)    0    0   -81.05941017  2 3.640 -96.03891738
(-4.9917564, 16.0549746, 9.1281246, 0.2978833, -0.4396787, -0.7175526, -0.4506289)    0    0   -56.69372644  1 4.120 -70.94254139
(-7.4764350, 19.5851544, 13.0844337, -0.3081190, 0.2308623, -0.7135408, 0.5853416)    0    0   1.48921028  0 4.200 1.85722303
(-8.2082262, 10.9061680, 14.0531532, -0.2184807, -0.5816576, -0.6449190, -0.4449945)    0    0   -35.81483947  3 3.640 -36.84516378
(-6.2351956, 20.3849022, 17.2023984, -0.9085938, -0.2342606, 0.1114967, -0.3273344)    0    0   6.95156507  1 3.960 11.28674666
(-4.7556860, 8.6950421, 10.8398830, -0.1992007, -0.7608010, -0.2093560, -0.5810947)    0    0   -79.09327481  1 3.880 -95.88401915
(-5.2566551, 12.4770253, 4.8934206, -0.6595416, 0.5953404, -0.4268746, -0.1683827)    0    0   -74.95142388  1 3.560 -91.45469667
