#Coordinates  RecID  LigID  Luciferin  Neighbor's number  Vision Range  Scoring
(-18.5610648, -20.7896551, 4.6937877, 0.4780694, -0.1517327, -0.8252486, -0.2595990)    0    0   -4.12718614  0 0.600 -16.56796534
(-8.5768357, -25.0267829, 3.1768538, 0.6957515, -0.4747108, -0.4761973, -0.2526175)    0    0   1.06570683  0 0.600 -3.58573293
(-11.1506327, -15.1583251, -2.8588700, 0.7530559, -0.5634728, 0.0417939, -0.3371328)    0    0   -22.59982431  0 0.600 -62.74956078
(-9.8157376, -15.7014198, -0.9569393, -0.4215949, 0.2727435, 0.8428527, -0.1935666)    0    0   -34.94766623  0 0.600 -93.61916557
(-4.2824796, -12.8784689, 1.1481018, 0.7813472, 0.6035101, -0.1394305, -0.0763628)    0    0   -46.49516014  0 0.600 -122.48790036
(-15.4961905, -24.0333444, 7.4811383, 0.5340184, -0.1556583, -0.8308085, 0.0187640)    0    0   -2.81323252  0 0.600 -13.28308131
(-6.3802467, -17.8191535, -4.5545885, -0.4427471, 0.1402421, 0.8609612, -0.2074920)    0    0   -29.79441981  0 0.600 -80.73604952
(-7.9386301, -10.5148683, -1.5554050, -0.0314883, 0.2056855, 0.9032946, -0.3751811)    0    0   -52.47239416  0 0.600 -137.43098541
(-8.8172675, -13.4260667, 8.0958639, -0.2176768, 0.3501904, -0.8742657, -0.2562087)    0    0   -22.08243926  0 0.600 -61.45609816
(-8.2758537, -13.9424104, 1.6258048, -0.6212927, 0.1029973, -0.1728302, 0.7573088)    0    0   -47.75779682  0 0.600 -125.64449205
(-15.3449470, -25.4960466, 4.3466791, 0.8002791, 0.4154236, -0.0375731, -0.4307724)    0    0   2.60452320  0 0.600 0.26130799
(-13.6845369, -20.4744082, 1.8254744, -0.4696599, -0.8058245, 0.3604683, -0.0113648)    0    0   -3.02058602  0 0.600 -13.80146504
(-14.6172457, -14.8507786, -6.2103840, 0.8258040, -0.4053941, 0.1231525, 0.3722054)    0    0   -26.81227024  0 0.600 -73.28067559
(-2.5808641, -16.7323910, 3.9313062, -0.3147223, -0.6406239, 0.5449934, -0.4399240)    0    0   -36.00820335  0 0.600 -96.27050838
(-5.5478725, -22.6873844, -4.9072577, 0.3752582, 0.8217738, -0.0138469, -0.4285760)    0    0   -8.67608637  0 0.600 -27.94021593
(-12.9098766, -18.3038455, -7.4675869, 0.8592069, 0.2014085, 0.4094317, -0.2314384)    0    0   -9.37958575  0 0.600 -29.69896437
(-14.0125449, -24.6756588, 5.7466158, -0.0145029, 0.6850480, -0.6516707, 0.3253063)    0    0   4.98030912  0 0.600 6.20077280
(-12.3151565, -10.9546354, 2.9675240, -0.1572030, 0.5951097, -0.7183989, -0.3240905)    0    0   -27.20283387  0 0.600 -74.25708467
(-13.5109827, -18.2398183, -3.6499181, -0.2677223, 0.1303413, 0.6752098, -0.6748538)    0    0   -7.77505759  0 0.600 -25.68764397
(-7.8217989, -13.5729192, 7.9925191, 0.4610256, 0.6026988, -0.1530575, -0.6330741)    0    0   -19.96198487  0 0.600 -56.15496218
(-18.1534099, -19.8600598, -2.6721905, 0.3194385, 0.9002434, -0.2844964, 0.0811339)    0    0   -2.93861750  0 0.600 -13.59654374
(-10.0668173, -17.5453186, -4.7535853, 0.5569924, -0.6565909, -0.3712097, -0.3476367)    0    0   -9.75175985  0 0.600 -30.62939962
(-10.5318140, -16.2161096, 3.0604892, -0.2530908, -0.4242458, -0.8283818, -0.2640911)    0    0   -11.53782565  0 0.600 -35.09456412
(-5.9230166, -20.2910415, -1.4042328, 0.0947765, -0.5747123, -0.1696723, -0.7949431)    0    0   -21.41094872  0 0.600 -59.77737179
(-18.5008722, -21.2247132, 6.6431943, -0.1670661, 0.6529659, 0.5810727, 0.4561567)    0    0   5.86268251  0 0.600 8.40670628
(-10.1580177, -17.9431696, -6.8417948, -0.5692158, -0.8191236, -0.0164055, -0.0689978)    0    0   -13.88388165  0 0.600 -40.95970414
(-3.1575739, -22.1675315, -1.0534081, -0.0468824, -0.5931868, 0.6811553, 0.4265665)    0    0   -23.09856259  0 0.600 -63.99640649
(-12.0031974, -18.0512723, -3.4934446, 0.5587823, 0.7876545, -0.2564965, -0.0396521)    0    0   -16.18731180  0 0.600 -46.71827950
(-11.4846932, -22.4275459, -6.7421950, 0.3451433, 0.4747664, -0.5524200, -0.5918658)    0    0   -6.22510615  0 0.600 -21.81276536
(-3.2261296, -22.6888458, -0.2935784, 0.5818867, -0.2122862, -0.3961058, -0.6778220)    0    0   -16.20009091  0 0.600 -46.75022726
(-9.9174613, -21.7546958, -2.9798348, 0.0229515, 0.7557551, 0.6542630, 0.0157265)    0    0   -7.20951027  0 0.600 -24.27377567
(-16.7979874, -14.2482402, -0.5840167, 0.2987850, 0.2657395, -0.9113347, -0.0978729)    0    0   -15.74205631  0 0.600 -45.60514079
(-3.6707848, -19.7875970, -2.1316659, -0.2658411, -0.7898460, 0.4936633, 0.2485323)    0    0   -22.94392606  0 0.600 -63.60981516
(-18.4284681, -18.2722038, -4.0418050, 0.1558125, 0.2989760, 0.4295179, 0.8377650)    0    0   5.98692395  0 0.600 8.71730987
(-9.5906916, -20.9418752, 2.4942283, -0.0975006, -0.2901552, -0.2567950, -0.9167115)    0    0   -10.80239602  0 0.600 -33.25599006
(-13.9121288, -24.5784316, 6.1363989, 0.4994578, -0.1315867, 0.1883620, -0.8353123)    0    0   3.01723926  0 0.600 1.29309815
(-11.0202616, -21.1088614, 0.7368474, -0.4741631, 0.3353966, -0.7632205, 0.2831482)    0    0   -17.79849230  0 0.600 -50.74623076
(-8.9477819, -25.7276935, 0.9762356, 0.6716279, 0.3204614, -0.2115577, 0.6336117)    0    0   -2.03346229  0 0.600 -11.33365573
(-11.5584331, -21.8686538, -4.9301156, 0.2754216, 0.6606821, 0.5107421, -0.4762191)    0    0   -5.26292531  0 0.600 -19.40731326
(-14.0034741, -19.6510800, -0.2136290, -0.1187976, 0.9692521, 0.1925738, -0.0967097)    0    0   -19.40406249  0 0.600 -54.76015623
(-7.1537764, -18.6171065, 7.2864451, 0.4049376, -0.0339593, -0.2513327, -0.8784669)    0    0   -8.81990156  0 0.600 -28.29975389
(-17.7515051, -15.9710583, -2.0005624, -0.5059033, 0.3012064, -0.0844705, -0.8038665)    0    0   -3.10709150  0 0.600 -14.01772874
(-13.7019258, -10.8997160, 1.0209377, -0.5942319, 0.5422089, 0.0489841, -0.5920292)    0    0   -29.06859310  0 0.600 -78.92148276
(-11.5862996, -16.9603449, 0.7302417, 0.8004902, 0.4693050, 0.1735840, 0.3299044)    0    0   -27.48893457  0 0.600 -74.97233642
(-8.3589614, -24.8142225, -5.5683845, -0.7818152, -0.1629171, 0.4073689, 0.4430277)    0    0   -13.04910968  0 0.600 -38.87277421
(-16.6215748, -12.8211119, 5.0986152, 0.0955652, -0.7136881, 0.6728701, 0.1695949)    0    0   -6.29157457  0 0.600 -21.97893644
(-8.6376929, -28.2607472, 2.1388880, 0.9703337, -0.0504026, 0.2139766, 0.1006281)    0    0   4.52895159  0 0.600 5.07237897
(-2.0637347, -17.0574141, 1.9655961, -0.9725672, -0.1883957, -0.1160077, -0.0718488)    0    0   -31.85523677  0 0.600 -85.88809192
(-15.5594089, -27.3295945, -0.3224307, -0.0629360, 0.0571247, 0.8748395, 0.4768979)    0    0   4.81422016  0 0.600 5.78555040
(-4.6212299, -17.0277902, 6.5858234, 0.3855110, 0.1758639, -0.7637097, -0.4870325)    0    0   -20.97249236  0 0.600 -58.68123090
