#Coordinates  RecID  LigID  Luciferin  Neighbor's number  Vision Range  Scoring
(-18.5309425, -21.0073724, 5.6693346, -0.1672041, 0.6528250, 0.5812208, 0.4561192)    0    0   7.04130848  0 5.000 8.80172476
(-8.5389964, -28.7075665, 2.5869482, 0.9709782, -0.0510507, 0.2106317, 0.1011406)    0    0   4.91371979  1 5.000 6.16430542
(-18.4354343, -18.2057089, -4.4102294, 0.1559341, 0.2988440, 0.4291253, 0.8379906)    0    0   2.57956171  9 1.400 6.35496412
(-17.7990248, -18.0234235, -4.4573632, 0.1558140, 0.2984732, 0.4288464, 0.8382878)    0    0   -0.77861477  10 1.320 2.76493079
(-2.6197286, -16.6285348, 3.8151312, -0.9122697, -0.3537165, 0.0690623, -0.1946253)    0    0   -55.15021409  1 5.000 -68.09019879
(-13.9123577, -24.4646576, 4.9554107, 0.2004611, 0.7432917, -0.6088732, 0.1913275)    0    0   9.29851161  0 5.000 11.83069336
(-12.0722902, -21.5521824, -5.7502699, -0.1167635, -0.3370011, -0.0179846, 0.9340627)    0    0   -4.83741877  4 3.320 -5.77632989
(-7.9386301, -10.5148683, -1.5554050, -0.0314883, 0.2056855, 0.9032946, -0.3751811)    0    0   -109.94478822  0 5.000 -137.43098541
(-7.8331509, -13.5712445, 7.9936977, 0.3210624, 0.6110656, -0.3919119, -0.6082128)    0    0   -35.99435261  1 5.000 -44.82655051
(-12.9339559, -21.1678831, 3.9705322, 0.2040757, 0.7452129, -0.6058305, 0.1896846)    0    0   -2.24698707  9 4.680 1.50676048
(-13.9821227, -24.5851513, 5.2589064, 0.2003716, 0.7432513, -0.6089360, 0.1913785)    0    0   8.97844037  5 5.000 11.24533235
(-13.8789994, -24.4061805, 4.8064527, 0.2004254, 0.7432755, -0.6088983, 0.1913477)    0    0   9.14298390  3 5.000 11.59837209
(-18.6031419, -18.3852275, -4.4041535, 0.1558909, 0.2989798, 0.4293572, 0.8378314)    0    0   7.86563169  0 4.680 10.31544601
(-2.4552507, -16.8113408, 3.4538251, -0.9122700, -0.3537153, 0.0690619, -0.1946262)    0    0   -55.23522230  2 5.000 -67.83454089
(-11.6682329, -21.8079018, -5.7211773, -0.1170009, -0.3373257, -0.0180758, 0.9339140)    0    0   -4.76930889  3 5.000 -6.44964034
(-18.5652023, -18.0555575, -4.3624031, 0.1558884, 0.2989544, 0.4293248, 0.8378576)    0    0   5.38583217  7 2.840 6.37296239
(-13.8457296, -24.7254607, 5.0848070, 0.2003348, 0.7432350, -0.6089613, 0.1913998)    0    0   9.01678925  4 5.000 11.34355041
(-12.0251197, -10.9661215, 3.3746440, -0.1583571, 0.5955696, -0.7173435, -0.3250204)    0    0   -59.54637268  1 5.000 -73.46481347
(-18.5629701, -18.1892274, -4.4126417, 0.1558575, 0.2990234, 0.4294428, 0.8377782)    0    0   6.93416399  4 5.000 8.62379938
(-8.3138572, -13.5003303, 8.0436023, 0.3210624, 0.6110656, -0.3919119, -0.6082128)    0    0   -35.91084841  0 5.000 -44.88855854
(-18.6357338, -18.5323593, -4.4145895, 0.1558672, 0.2990097, 0.4294169, 0.8377946)    0    0   7.10011858  3 5.000 9.47831993
(-11.9704521, -21.4934264, -5.6785072, -0.1165971, -0.3362177, -0.0168341, 0.9343872)    0    0   -6.95743637  7 2.920 -6.70320159
(-13.8817307, -23.7599883, 5.0203949, 0.2009218, 0.7435042, -0.6085408, 0.1910760)    0    0   7.97700390  8 3.320 10.70056147
(-11.2211486, -21.8490106, -5.5696421, -0.1192917, -0.3414076, -0.0204255, 0.9320907)    0    0   -6.46361692  6 4.360 -7.80873113
(-18.5159334, -21.1158546, 6.1554208, -0.1672041, 0.6528250, 0.5812208, 0.4561192)    0    0   6.95210119  1 5.000 8.80119355
(-18.4595950, -17.7118719, -4.4916720, 0.1559203, 0.2988940, 0.4292028, 0.8379357)    0    0   4.62365584  8 1.800 8.71151317
(-6.6471884, -22.2306501, -3.2349082, -0.1521123, -0.3801343, -0.0327129, 0.9117509)    0    0   -11.57372432  2 5.000 -11.14165902
(-18.5605429, -18.1643963, -4.4329943, 0.1558585, 0.2990227, 0.4294406, 0.8377794)    0    0   6.78123218  5 5.000 8.08951195
(-11.8059551, -21.7233824, -5.7380809, -0.1161184, -0.3357839, -0.0172138, 0.9345958)    0    0   -2.91524990  0 5.000 -3.63808523
(-6.9737052, -22.2082114, -3.3907947, -0.1333005, -0.3614845, -0.0293518, 0.9223331)    0    0   -11.08177433  2 5.000 -13.23673398
(-12.1778858, -21.4921390, -5.7578847, -0.1163703, -0.3362240, -0.0174610, 0.9344017)    0    0   -3.99658043  1 5.000 -4.66676236
(-18.5323278, -18.0550538, -4.5237947, 0.1558540, 0.2990255, 0.4294483, 0.8377753)    0    0   6.42987296  6 4.920 7.40475979
(-9.5023868, -22.0297023, -4.9294367, -0.1218415, -0.3450655, -0.0221103, 0.9303739)    0    0   -7.67254777  8 4.280 -9.24751997
(-18.7118875, -18.8696422, -4.4423841, 0.1558770, 0.2989958, 0.4293891, 0.8378119)    0    0   7.86376342  1 5.000 10.31092016
(-13.9212099, -24.4879925, 5.2377277, 0.2005138, 0.7433159, -0.6088355, 0.1912981)    0    0   8.71614083  7 3.080 10.78602859
(-13.8700738, -24.3873572, 4.7577568, 0.2003887, 0.7432593, -0.6089236, 0.1913690)    0    0   9.18107774  2 5.000 11.64607839
(-13.7543920, -24.4769680, 4.4955214, 0.2004427, 0.7432836, -0.6088858, 0.1913382)    0    0   9.23444173  1 5.000 11.86787319
(-8.5221970, -28.8035648, 2.6588851, 0.9709780, -0.0510504, 0.2106328, 0.1011405)    0    0   4.96188391  0 5.000 6.20548865
(-11.7433990, -21.6744034, -5.5674687, -0.1177554, -0.3386437, -0.0188181, 0.9333274)    0    0   -4.24293460  2 5.000 -4.38969251
(-14.0641360, -24.5866962, 5.6095219, 0.2003522, 0.7432431, -0.6089488, 0.1913897)    0    0   8.78915822  6 4.520 10.89981402
(-7.9784612, -19.1346429, 7.5145918, 0.4054029, -0.0326754, -0.2549539, -0.8772567)    0    0   -18.81979355  1 5.000 -23.89237041
(-18.6169615, -18.4470524, -4.4149958, 0.1558679, 0.2990093, 0.4294148, 0.8377957)    0    0   7.12239024  2 5.000 9.56113910
(-12.2517420, -10.9571467, 3.0565380, -0.1583571, 0.5955696, -0.7173434, -0.3250204)    0    0   -59.08939189  0 5.000 -73.86172438
(-12.7734160, -20.9509192, 3.8484696, 0.2035254, 0.7449628, -0.6062279, 0.1899885)    0    0   -3.92024517  9 4.680 -0.16094584
(-11.6709621, -21.8074934, -5.7312624, -0.1162444, -0.3360039, -0.0173373, 0.9344988)    0    0   -4.89363432  5 5.000 -6.38798576
(-16.6215748, -12.8211119, 5.0986152, 0.0955652, -0.7136881, 0.6728701, 0.1695949)    0    0   -17.58314913  0 5.000 -21.97893644
(-8.4889486, -28.9936210, 2.8012451, 0.9709787, -0.0510512, 0.2106292, 0.1011410)    0    0   4.65874814  2 5.000 5.67843076
(-2.5661883, -16.7416150, 3.8755205, -0.9122700, -0.3537153, 0.0690619, -0.1946262)    0    0   -54.86184347  0 5.000 -68.57723050
(-15.5594089, -27.3295945, -0.3224307, -0.0629360, 0.0571247, 0.8748395, 0.4768979)    0    0   4.62844032  0 5.000 5.78555040
(-7.9199694, -19.0979359, 7.4984102, 0.4054029, -0.0326754, -0.2549540, -0.8772567)    0    0   -17.85340585  0 5.000 -22.31625241
