#Coordinates  RecID  LigID  Luciferin  Neighbor's number  Vision Range  Scoring
(-18.5309425, -21.0073724, 5.6693346, -0.1672041, 0.6528250, 0.5812208, 0.4561192)    0    0   6.96833841  0 5.000 8.80172476
(-8.5389964, -28.7075665, 2.5869482, 0.9709907, -0.0510637, 0.2105666, 0.1011500)    0    0   4.51243685  0 5.000 6.10139944
(-13.6431483, -17.6634740, -4.8563707, 0.1762676, 0.1798851, 0.2383408, 0.9379578)    0    0   -20.70110384  3 4.360 -24.54080427
(-12.8697570, -18.2988988, -4.7298803, -0.0335276, 0.1559307, 0.0045012, -0.9871886)    0    0   -24.33617686  5 3.880 -26.20050808
(-2.9101466, -15.9539225, 3.2841113, -0.9120051, -0.3548722, 0.0694178, -0.1936329)    0    0   -69.16226640  2 5.000 -82.64017415
(-14.2415076, -24.8214762, 5.4908078, 0.2003305, 0.7431847, -0.6090231, 0.1914027)    0    0   8.61515448  3 5.000 10.43196316
(-10.7554506, -19.0996415, -4.8964178, -0.1294592, -0.4479758, -0.1721223, 0.8677165)    0    0   -28.42745497  8 3.800 -35.35971659
(-7.9386301, -10.5148683, -1.5554050, -0.0314883, 0.2056855, 0.9032946, -0.3751811)    0    0   -109.94467871  0 5.000 -137.43098541
(-7.8331509, -13.5712445, 7.9936977, 0.3210575, 0.6110651, -0.3919191, -0.6082112)    0    0   -36.03153553  1 5.000 -44.82473022
(-10.8388687, -16.7670569, 3.4889486, 0.4599918, 0.8133556, 0.2882773, 0.2091802)    0    0   -27.02551878  1 5.000 -30.69197912
(-14.3883882, -24.9083865, 5.3411765, 0.2003450, 0.7432100, -0.6089939, 0.1913823)    0    0   8.97921149  1 5.000 11.29831775
(-13.7976600, -22.4435700, 3.8978127, 0.2184562, 0.7511975, -0.5960534, 0.1808300)    0    0   2.87803051  4 5.000 7.59978325
(-16.2429177, -17.5026357, -4.7912944, 0.1612392, 0.2872682, 0.4072532, 0.8518355)    0    0   -12.29183027  6 4.360 -12.47479402
(-2.4552507, -16.8113408, 3.4538251, -0.9122577, -0.3537344, 0.0690850, -0.1946408)    0    0   -55.32220477  1 5.000 -67.84967093
(-8.8875470, -22.7576536, -5.3885628, 0.3388545, 0.7004625, 0.2473790, -0.5773504)    0    0   -16.24494148  4 5.000 -19.23437790
(-14.9328007, -18.4048904, -5.0351195, 0.1568759, 0.2609815, 0.3758860, 0.8752076)    0    0   -13.15807978  9 4.440 -18.18993528
(-14.0138479, -24.6761085, 5.7480787, 0.2002123, 0.7431893, -0.6090343, 0.1914730)    0    0   8.90266437  2 5.000 11.22499870
(-12.0251197, -10.9661215, 3.3746440, -0.1583211, 0.5955553, -0.7173764, -0.3249914)    0    0   -59.40775650  1 5.000 -73.22985533
(-18.2708723, -18.1621967, -4.2157381, 0.1584328, 0.2976869, 0.4260766, 0.8394881)    0    0   1.67143720  4 5.000 6.06466912
(-8.3138572, -13.5003303, 8.0436023, 0.3210624, 0.6110656, -0.3919119, -0.6082128)    0    0   -35.91245632  0 5.000 -44.88855854
(-18.5435824, -17.6076717, -4.6150010, 0.1558469, 0.2990775, 0.4294686, 0.8377476)    0    0   7.12488062  1 5.000 9.02205995
(-13.1876435, -18.5981760, -4.8755864, 0.0324772, -0.0652858, 0.1418550, 0.9871981)    0    0   -13.25218682  5 4.120 -13.52907182
(-12.4328150, -19.5701878, 2.8131399, 0.3568129, 0.7994059, -0.4724298, 0.1021993)    0    0   -22.46765017  4 4.760 -19.51039832
(-6.5844403, -22.3005978, -3.8745885, 0.3453958, 0.7048884, 0.2323532, -0.5743223)    0    0   -28.52252604  4 5.000 -33.57106780
(-18.5159334, -21.1158546, 6.1554208, -0.1671926, 0.6528368, 0.5812085, 0.4561223)    0    0   6.90275490  1 5.000 8.80269940
(-14.0036030, -17.9623712, -4.2917931, 0.1767619, 0.2492587, 0.3318620, 0.8924645)    0    0   -22.06140419  6 4.200 -26.25717416
(-3.4793759, -22.2720443, -1.0129398, 0.5539319, 0.4689442, -0.1784918, -0.6643730)    0    0   -27.43670063  1 5.000 -31.25683008
(-17.9024869, -18.1370397, -4.0767717, 0.1587053, 0.2970538, 0.4243131, 0.8405534)    0    0   -0.87422535  5 4.680 3.17898274
(-11.8059551, -21.7233824, -5.7380809, -0.1161184, -0.3357839, -0.0172138, 0.9345958)    0    0   -7.80694067  0 5.000 -3.63808523
(-3.7516291, -22.3013043, -1.0462291, 0.5503053, 0.4812129, -0.1736187, -0.6598900)    0    0   -23.22048551  0 5.000 -27.94883943
(-11.9240700, -21.7506051, -5.9500539, -0.1160840, -0.3358242, -0.0173978, 0.9345822)    0    0   -9.55432834  1 5.000 -6.65897355
(-18.4486873, -17.5794987, -4.2917277, 0.1563251, 0.2987435, 0.4291890, 0.8379210)    0    0   7.10483702  2 5.000 9.49546595
(-5.7266236, -22.2685742, -3.5363071, 0.4692700, 0.6189785, 0.0107110, -0.6297115)    0    0   -29.04014491  5 5.000 -33.98095586
(-18.4934968, -17.8968058, -4.3656067, 0.1558355, 0.2990437, 0.4294850, 0.8377534)    0    0   7.22656422  0 5.000 9.34910538
(-13.7237233, -21.8954305, 3.3929031, 0.2541495, 0.7658018, -0.5683977, 0.1608717)    0    0   -1.99978642  7 4.680 2.48431258
(-14.0772702, -24.7154172, 5.6793671, 0.2002452, 0.7431945, -0.6090242, 0.1914508)    0    0   9.01306265  0 5.000 11.30669480
(-13.8954830, -22.0954555, 3.6373502, 0.2361895, 0.7587746, -0.5825200, 0.1707222)    0    0   0.18891029  6 4.760 5.11329174
(-8.5097310, -28.7530331, 2.7386940, 0.9708966, -0.0509613, 0.2110558, 0.1010846)    0    0   4.09356297  2 5.000 5.48777639
(-11.7823234, -21.7596722, -5.7502025, -0.2371936, -0.5414869, -0.1418630, 0.7939811)    0    0   -13.04919034  3 5.000 -15.28441221
(-13.7114344, -22.1739501, 3.8321658, 0.2365496, 0.7587761, -0.5825782, 0.1700170)    0    0   0.57634527  5 5.000 5.57957481
(-7.9784612, -19.1346429, 7.5145918, 0.4053837, -0.0327289, -0.2548032, -0.8773074)    0    0   -19.21076501  1 5.000 -24.03698420
(-18.5491860, -17.5772706, -4.6424865, 0.1560387, 0.2991790, 0.4292915, 0.8377665)    0    0   7.01633355  3 5.000 9.24579275
(-12.2517420, -10.9571467, 3.0565380, -0.1583571, 0.5955696, -0.7173434, -0.3250204)    0    0   -59.10206484  0 5.000 -73.86172438
(-10.6454595, -16.5474881, 3.2638095, 0.4593321, 0.8135407, 0.2882671, 0.2099229)    0    0   -28.69720049  2 5.000 -35.86447463
(-10.8230099, -22.3358329, -5.6884322, -0.2377334, -0.5420855, -0.1409114, 0.7935806)    0    0   -12.79691363  2 5.000 -15.26482986
(-16.6215748, -12.8211119, 5.0986152, 0.0955652, -0.7136881, 0.6728701, 0.1695949)    0    0   -17.58312761  0 5.000 -21.97893644
(-8.4835824, -28.9584372, 2.8385155, 0.9708820, -0.0509536, 0.2111352, 0.1010631)    0    0   4.43591363  1 5.000 5.70239489
(-2.5661883, -16.7416150, 3.8755205, -0.9122700, -0.3537153, 0.0690619, -0.1946262)    0    0   -54.92227621  0 5.000 -68.57723050
(-15.5594089, -27.3295945, -0.3224307, -0.0629360, 0.0571247, 0.8748395, 0.4768979)    0    0   4.62844067  0 5.000 5.78555040
(-7.9199694, -19.0979359, 7.4984102, 0.4054029, -0.0326754, -0.2549540, -0.8772567)    0    0   -18.26662314  0 5.000 -22.31625241
