#Coordinates  RecID  LigID  Luciferin  Neighbor's number  Vision Range  Scoring
(0.0487546, -11.6451482, 0.0862289, 0.1705795, 0.2805763, 0.4450139, -0.8331519)    0    0   -42.56974284  0 0.600 -112.67435710
(6.4833695, -21.9657601, -1.6624472, 0.0178204, 0.4361788, -0.8449150, 0.3091102)    0    0   -7.08129638  0 0.600 -23.95324095
(9.5473278, -19.5695622, -10.3381709, 0.1769806, -0.1070737, 0.5384114, 0.8169004)    0    0   4.08438126  0 0.600 3.96095315
(11.7271053, -11.7799368, -2.7231990, 0.1133371, -0.1184860, -0.3168386, -0.9341997)    0    0   -15.36386140  0 0.600 -44.65965350
(8.2982287, -19.0779289, -6.0441415, 0.8840428, -0.0946644, -0.1774054, 0.4219412)    0    0   -2.65760188  0 0.600 -12.89400471
(8.5452476, -14.1919524, -10.0249879, 0.4452956, 0.2694162, 0.5866537, -0.6204548)    0    0   1.28754528  0 0.600 -3.03113681
(9.2768249, -9.5175341, 2.0722374, 0.1758949, 0.8602400, 0.4386851, -0.1913204)    0    0   -4.43511643  0 0.600 -17.33779107
(13.1118924, -20.0810149, -0.3389875, -0.3976350, 0.6680228, 0.1608150, -0.6080875)    0    0   5.69784898  0 0.600 7.99462244
(0.8821432, -21.4420223, -2.2203982, -0.4351581, -0.7401999, -0.3069331, 0.4105285)    0    0   -9.70644366  0 0.600 -30.51610914
(4.0277392, -25.1040184, -5.8153751, -0.0113292, -0.0612394, -0.1803706, 0.9816251)    0    0   -6.76520556  0 0.600 -23.16301390
(9.2187472, -15.6351659, -8.1112571, 0.3864276, 0.4579431, 0.3190404, -0.7342854)    0    0   -0.95448084  0 0.600 -8.63620211
(0.8523209, -16.3628502, -9.8747232, -0.2148138, 0.2030448, 0.9114004, -0.2863167)    0    0   -19.27330025  0 0.600 -54.43325063
(8.3635298, -14.1951683, -10.3909755, -0.1193511, -0.4724876, -0.8591317, 0.1562164)    0    0   -13.95305685  0 0.600 -41.13264213
(10.9012284, -23.8067432, -3.9421133, 0.6679665, -0.0633812, -0.5326987, 0.5157865)    0    0   6.02346264  0 0.600 8.80865660
(4.0472987, -22.1386084, -2.6618391, 0.4953951, 0.1570117, 0.7909261, -0.3230587)    0    0   -5.81079451  0 0.600 -20.77698627
(5.9360567, -23.9544886, -8.9538141, -0.4286144, -0.6915231, 0.5769187, 0.0724593)    0    0   -5.88651404  0 0.600 -20.96628509
(7.0054017, -16.9211520, 2.2446276, 0.4083556, 0.1604640, 0.5140720, 0.7370394)    0    0   -16.66245196  0 0.600 -47.90612990
(4.2055635, -17.9030000, -4.1072675, -0.4613196, -0.2410569, -0.0848129, 0.8496368)    0    0   -12.70728833  0 0.600 -38.01822083
(-2.4471027, -18.3221469, -6.6617087, 0.3719107, 0.0031399, 0.8635251, 0.3405833)    0    0   -25.18357136  0 0.600 -69.20892840
(4.5568108, -17.9369397, -7.8768580, -0.4016045, 0.7674030, 0.1748147, -0.4682374)    0    0   -11.28780922  0 0.600 -34.46952306
(5.2973624, -22.0996265, -5.4269550, 0.6687241, -0.7029741, -0.0223202, 0.2411166)    0    0   -1.85484757  0 0.600 -10.88711893
(0.8886010, -10.6931605, -4.3475935, -0.2012774, 0.7324479, -0.0187027, 0.6501213)    0    0   -44.41225959  0 0.600 -117.28064897
(6.6999063, -12.0064070, -10.3518243, -0.1638177, 0.8224694, -0.2599536, -0.4786773)    0    0   -22.52104136  0 0.600 -62.55260341
(7.2680918, -16.3175648, 3.6066370, -0.2239222, 0.8901832, 0.1913927, 0.3475652)    0    0   -0.63031944  0 0.600 -7.82579860
(-0.6989609, -14.4738704, 0.0564902, 0.5982001, 0.6379285, -0.3084617, 0.3742396)    0    0   -42.03247214  0 0.600 -111.33118035
(0.5088468, -14.4841894, -1.0601306, -0.3824477, -0.6591728, -0.0923687, -0.6408533)    0    0   -35.62754455  0 0.600 -95.31886137
(0.3582589, -18.4588556, -0.0139564, 0.7653715, -0.3379488, -0.5476823, 0.0064164)    0    0   -24.60566756  0 0.600 -67.76416890
(12.2594390, -12.3037740, -1.2142055, -0.0930421, -0.0641101, 0.0488196, 0.9923959)    0    0   -10.32978872  0 0.600 -32.07447179
(11.9266226, -20.3869975, -0.1799866, 0.1846403, 0.1642497, 0.6427560, 0.7251171)    0    0   -2.47055608  0 0.600 -12.42639020
(-2.2747406, -15.3100997, -8.0007966, -0.6156543, -0.1270434, 0.7448869, 0.2235472)    0    0   -31.65216590  0 0.600 -85.38041475
(8.2692990, -21.0948945, -3.6771238, -0.2532661, 0.1746992, 0.5213832, 0.7959246)    0    0   -7.44127871  0 0.600 -24.85319677
(11.0069243, -13.6323049, -8.2086556, -0.1622942, -0.4821096, 0.3778563, -0.7735991)    0    0   2.05791494  0 0.600 -1.10521265
(13.2672339, -18.2470247, -1.0345306, -0.3921182, 0.8316790, -0.2955364, 0.2592519)    0    0   2.09681664  0 0.600 -1.00795839
(11.7995262, -21.0384583, 2.2997293, -0.6795779, 0.6558035, -0.2551710, 0.2073243)    0    0   4.87382613  0 0.600 5.93456533
(0.0332142, -10.0428404, -4.2416962, -0.7999481, 0.2342907, 0.5469761, 0.0775114)    0    0   -51.28196893  0 0.600 -134.45492232
(0.8938671, -24.2065216, -4.7564857, 0.4798655, -0.2029384, -0.5282534, -0.6704427)    0    0   -1.15054893  0 0.600 -9.12637234
(5.8130011, -18.6706638, -1.9160000, -0.8345096, -0.2210682, 0.0053632, 0.5046719)    0    0   -10.47644108  0 0.600 -32.44110271
(14.0960432, -15.6055326, 0.9408391, -0.4461146, -0.2429644, 0.6488983, -0.5664637)    0    0   6.17470050  0 0.600 9.18675125
(-3.0159839, -13.0898188, -6.8437601, -0.6761296, 0.4784696, -0.5501949, -0.1058360)    0    0   -43.02879148  0 0.600 -113.82197871
(1.5909852, -20.1888792, -5.2799027, 0.7414567, -0.2187271, 0.4549547, 0.4420595)    0    0   -14.38537625  0 0.600 -42.21344063
(3.9934665, -7.5672991, 0.0985981, -0.2069263, -0.2331866, 0.9018882, -0.2990038)    0    0   -37.80413643  0 0.600 -100.76034108
(4.1823029, -14.7748769, -0.3536484, 0.2600094, -0.6836717, 0.6642422, 0.1541768)    0    0   -32.00266660  0 0.600 -86.25666651
(5.0482636, -8.3509560, 2.4727344, 0.4628370, 0.7849143, -0.0399312, -0.4099962)    0    0   -28.35914301  0 0.600 -77.14785751
(8.2433570, -19.6708074, 2.9207084, -0.4413087, -0.2326123, 0.8557037, 0.1375113)    0    0   3.16855324  0 0.600 1.67138310
(3.8733601, -13.7792649, -9.5590561, 0.0194638, -0.5506967, 0.8338824, 0.0315332)    0    0   -27.60324211  0 0.600 -75.25810529
(10.9854636, -24.2428266, -4.9448370, -0.2369807, 0.8763295, -0.0472200, -0.4167217)    0    0   4.69409054  0 0.600 5.48522635
(4.7137764, -10.3462405, -0.0962062, -0.0621068, -0.0908311, -0.3069053, 0.9453579)    0    0   -35.18020752  0 0.600 -94.20051881
(13.4130584, -14.1215260, 0.9377184, -0.6154582, 0.3412229, -0.2104954, -0.6785793)    0    0   4.80919552  0 0.600 5.77298879
(13.5287019, -11.5014637, -3.9542721, 0.8605729, 0.0149266, -0.3874644, -0.3302467)    0    0   0.73022234  0 0.600 -4.42444416
(10.9008136, -15.9485762, -0.9127921, 0.3984597, 0.7527499, 0.5108720, -0.1166500)    0    0   4.03072609  0 0.600 3.82681522
