#Coordinates  RecID  LigID  Luciferin  Neighbor's number  Vision Range  Scoring
(-0.7392577, -25.2214253, 1.0378932, 0.7665258, -0.3400905, -0.5447199, 0.0075470)    0    0   -5.60729595  2 5.000 -4.84986584
(10.3895013, -22.5386307, -2.2086475, -0.6332828, 0.0296300, 0.5429169, -0.5507415)    0    0   7.89181983  1 5.000 9.86888013
(9.5473278, -19.5695622, -10.3381709, 0.1769806, -0.1070737, 0.5384114, 0.8169004)    0    0   3.16876252  0 5.000 3.96095315
(14.2944753, -11.7960245, -5.7153807, -0.3178136, -0.4685917, 0.4476529, -0.6921150)    0    0   9.15052270  6 4.920 11.27104252
(10.5632487, -22.7771890, -2.5206025, -0.6330589, 0.0294182, 0.5429503, -0.5509773)    0    0   7.82115867  4 1.160 9.75876567
(13.9574139, -11.9234992, -5.2810856, -0.3178137, -0.4685917, 0.4476529, -0.6921150)    0    0   9.12995070  7 3.640 11.61043032
(10.8577522, -9.6527317, 2.2951249, 0.1761810, 0.8603123, 0.4383241, -0.1915592)    0    0   -5.67582672  3 5.000 -7.59898520
(11.2363860, -18.4178632, 0.6389654, -0.5148410, -0.0672726, 0.5399557, -0.6624659)    0    0   10.16675194  7 3.720 12.50880511
(10.3571956, -22.9863341, -2.6184722, -0.6331019, 0.0294589, 0.5429439, -0.5509319)    0    0   7.75491376  3 0.440 9.82019291
(9.9349685, -22.5299662, -1.9908008, -0.6338238, 0.0301453, 0.5428299, -0.5501767)    0    0   7.85557521  1 0.680 9.99967108
(13.9827975, -11.7429791, -5.6204475, -0.3178137, -0.4685917, 0.4476529, -0.6921150)    0    0   8.59869167  8 4.280 10.24480550
(8.9996401, -19.3717726, -9.9528015, 0.1793286, -0.1123081, 0.5353990, 0.8176650)    0    0   1.66655748  3 5.000 3.52777638
(13.8641504, -11.7989935, -5.7343547, -0.3178137, -0.4685917, 0.4476529, -0.6921150)    0    0   9.29813082  3 5.000 11.59799765
(10.3652689, -22.5658949, -2.2328559, -0.6337722, 0.0300965, 0.5428376, -0.5502312)    0    0   7.81421729  5 1.560 9.71171331
(10.4950896, -22.9446600, -2.4725606, -0.6336225, 0.0299651, 0.5428407, -0.5504077)    0    0   7.68362539  9 0.120 9.61653231
(10.6002870, -22.4710707, -2.5600055, -0.6331031, 0.0294566, 0.5429502, -0.5509245)    0    0   7.80669274  6 2.040 9.71586981
(10.8847288, -18.1396372, 1.0469972, -0.5148401, -0.0672714, 0.5399522, -0.6624695)    0    0   10.24232484  6 1.640 13.14901550
(10.3588707, -22.5254849, -2.0490301, -0.6334716, 0.0298103, 0.5428856, -0.5505455)    0    0   7.67592737  12 0.040 9.47776352
(8.8592628, -19.3074592, -9.8370327, 0.1816690, -0.1175378, 0.5323638, 0.8183948)    0    0   1.50169347  4 5.000 3.27152888
(9.0151802, -19.3797394, -9.9652110, 0.1793286, -0.1123081, 0.5353990, 0.8176650)    0    0   1.68644152  2 5.000 3.28771470
(10.5791129, -22.4174466, -2.2156423, -0.5765135, -0.0190276, 0.5438879, -0.6094720)    0    0   7.91304551  1 5.000 9.89141057
(0.8886010, -10.6931605, -4.3475935, -0.2030908, 0.7323490, -0.0173166, 0.6497071)    0    0   -92.03809416  1 5.000 -113.64434131
(13.8433717, -11.8336459, -5.6306839, -0.3178136, -0.4685917, 0.4476529, -0.6921150)    0    0   9.38193785  1 5.000 11.78176293
(11.1238996, -18.2237269, 0.8411075, -0.5148410, -0.0672727, 0.5399560, -0.6624656)    0    0   10.34167559  3 2.280 12.90521086
(-0.6984574, -24.9915493, 1.0029175, 0.7665258, -0.3400905, -0.5447199, 0.0075470)    0    0   -4.78085458  0 5.000 -3.11181220
(-0.7157718, -25.0888403, 1.0177100, 0.7665258, -0.3400905, -0.5447199, 0.0075470)    0    0   -5.50803743  1 5.000 -5.52095220
(-0.6644453, -24.7995554, 0.9736913, 0.7665258, -0.3400905, -0.5447199, 0.0075470)    0    0   -7.34410497  4 5.000 -7.09764564
(13.8837029, -11.8252469, -5.6388316, -0.3178136, -0.4685917, 0.4476529, -0.6921150)    0    0   9.40680915  0 5.000 11.77648431
(11.1878311, -18.3202113, 0.7271577, -0.5148419, -0.0672741, 0.5399598, -0.6624616)    0    0   10.51743544  0 5.000 13.15325094
(9.2900229, -19.4746547, -10.1546544, 0.1777641, -0.1088190, 0.5374098, 0.8171591)    0    0   2.14173898  1 5.000 3.63637689
(10.5057839, -22.2813325, -2.0431780, -0.5767772, -0.0187969, 0.5438670, -0.6092483)    0    0   7.75903635  10 4.360 9.75677109
(14.1082918, -11.7882311, -5.7033309, -0.3178136, -0.4685917, 0.4476529, -0.6921150)    0    0   9.16003682  5 4.040 11.74816721
(11.3308548, -18.5040402, 0.4923455, -0.5148392, -0.0672700, 0.5399484, -0.6624734)    0    0   10.11113794  8 2.600 12.35070884
(11.3158764, -18.5132588, 0.4990701, -0.5148415, -0.0672735, 0.5399580, -0.6624635)    0    0   10.38870621  1 5.000 13.01246069
(1.2215485, -10.9462885, -4.3888126, -0.2030908, 0.7323490, -0.0173166, 0.6497071)    0    0   -91.01724308  0 5.000 -113.77155385
(10.6096390, -22.6587559, -2.2983332, -0.6333086, 0.0296543, 0.5429134, -0.5507139)    0    0   7.71449112  5 0.520 9.65404756
(10.5825419, -22.8603051, -2.6938596, -0.6335657, 0.0299011, 0.5428683, -0.5504494)    0    0   7.78349924  8 3.880 9.75065490
(11.1327446, -18.2372240, 0.8252276, -0.5148408, -0.0672724, 0.5399551, -0.6624665)    0    0   10.31479836  4 5.000 12.86123942
(8.6294604, -19.2394722, -9.6940475, 0.1870995, -0.1297204, 0.5251938, 0.8199621)    0    0   0.96938470  5 5.000 3.49953510
(10.5064630, -22.8427853, -2.5236494, -0.6335410, 0.0298742, 0.5428787, -0.5504689)    0    0   7.86742124  1 0.840 9.93084192
(10.7423088, -9.4984340, 2.4579859, 0.1761810, 0.8603123, 0.4383241, -0.1915592)    0    0   -4.78516262  2 5.000 -4.80999203
(-0.7322788, -25.1815072, 1.0317964, 0.7665258, -0.3400905, -0.5447199, 0.0075470)    0    0   -6.37021066  3 5.000 -4.61580862
(10.7327790, -9.5080290, 2.4437292, 0.1761810, 0.8603123, 0.4383241, -0.1915592)    0    0   -4.37929500  1 5.000 -5.00547998
(11.4731547, -18.4959408, 0.3117847, -0.5148375, -0.0672675, 0.5399412, -0.6624809)    0    0   10.26684296  5 2.120 12.85804038
(14.3608637, -11.7285313, -5.7265204, -0.3178137, -0.4685917, 0.4476529, -0.6921150)    0    0   9.25227690  4 0.920 11.76273502
(10.3288504, -22.4510143, -2.1603473, -0.6333838, 0.0297324, 0.5428891, -0.5506473)    0    0   7.80051734  6 0.440 9.95162912
(10.5910120, -9.6264694, 2.2617814, 0.1761810, 0.8603123, 0.4383241, -0.1915592)    0    0   -4.14036693  0 5.000 -3.97146756
(11.1436184, -18.2428187, 0.8144909, -0.5148381, -0.0672684, 0.5399438, -0.6624782)    0    0   9.89780154  9 4.520 11.82525324
(14.3161481, -11.7351889, -5.7261940, -0.3178136, -0.4685917, 0.4476529, -0.6921150)    0    0   9.33474034  2 4.680 11.76569808
(11.1229292, -18.2223613, 0.8427675, -0.5148405, -0.0672720, 0.5399540, -0.6624677)    0    0   10.34229779  2 5.000 12.90526302
