#Coordinates  RecID  LigID  Luciferin  Neighbor's number  Vision Range  Scoring
(-5.2942983, 9.1983429, -20.3147549, -0.6917366, -0.3594682, 0.4465183, 0.4392090)    0    0   8.68157814  4 5.000 10.93257573
(-5.1466413, 8.7490100, -20.5638346, -0.6917365, -0.3594682, 0.4465184, 0.4392090)    0    0   8.55949087  5 5.000 10.61032432
(-12.3217638, 9.2746273, -17.0141797, 0.8314493, 0.1309834, -0.0358705, -0.5387473)    0    0   6.91927338  2 5.000 8.42129240
(-15.2051880, 2.0650583, -15.9253136, -0.4318972, 0.5571347, -0.6796586, -0.2028051)    0    0   11.63647523  7 1.720 14.41982926
(-12.1203600, 9.1518340, -17.1293693, 0.8314493, 0.1309834, -0.0358705, -0.5387473)    0    0   7.11290572  0 5.000 8.89116337
(-8.7587750, -1.4541179, -13.5465239, -0.4319526, -0.0747604, 0.5449843, -0.7147167)    0    0   -49.99135277  0 5.000 -62.46055754
(-5.2448006, 9.0682979, -20.3799873, -0.6917368, -0.3594678, 0.4465181, 0.4392092)    0    0   8.75972574  0 5.000 10.94965721
(-5.3068454, 9.1753013, -20.3478951, -0.6917367, -0.3594679, 0.4465182, 0.4392091)    0    0   8.71072596  1 5.000 10.91490062
(-8.9167354, 6.9349907, -2.1079671, -0.0875748, 0.1742940, -0.6860625, 0.7009069)    0    0   -55.30843262  2 5.000 -68.81899730
(-8.9473606, 6.9479252, -2.0733008, -0.0875748, 0.1742940, -0.6860625, 0.7009069)    0    0   -55.29168205  1 5.000 -68.63172926
(-9.0924185, 6.7391699, -2.0572324, -0.0875748, 0.1742940, -0.6860625, 0.7009069)    0    0   -54.94715216  0 5.000 -68.68348709
(-14.6797611, 2.2098266, -16.0014419, -0.4318972, 0.5571348, -0.6796584, -0.2028054)    0    0   11.87876099  1 1.480 14.92505479
(-14.6922053, 2.5112481, -16.2234270, -0.4319061, 0.5571326, -0.6796565, -0.2027989)    0    0   11.47129435  7 0.280 14.38972254
(-15.1942864, 2.0659673, -15.9269733, -0.4318972, 0.5571348, -0.6796585, -0.2028053)    0    0   11.67063994  5 5.000 14.51054705
(-11.9286110, 9.0349271, -17.2390370, 0.8314493, 0.1309834, -0.0358705, -0.5387473)    0    0   7.09128392  1 5.000 9.08479690
(-14.7049250, 1.9579980, -15.9815901, -0.4319096, 0.5571302, -0.6796578, -0.2027937)    0    0   11.15411150  0 0.440 14.31254725
(-15.2256861, 2.0590606, -15.9712161, -0.4318973, 0.5571357, -0.6796571, -0.2028071)    0    0   11.54048306  10 1.240 14.29708862
(-8.7998481, -1.2630218, -13.6205491, -0.4319526, -0.0747604, 0.5449842, -0.7147167)    0    0   -51.50147515  4 5.000 -64.31909904
(-5.4874455, -1.3448631, -19.0636819, -0.7110309, -0.5399115, -0.2133040, 0.3967770)    0    0   -38.02879766  0 5.000 -47.53599026
(-9.1935209, -1.4344861, -13.7479024, -0.4319527, -0.0747604, 0.5449843, -0.7147167)    0    0   -51.38228097  3 5.000 -64.46433860
(-8.6245850, -1.5325761, -13.4633244, -0.4319526, -0.0747604, 0.5449843, -0.7147167)    0    0   -50.99793677  1 5.000 -63.03783450
(5.0882247, 6.5884723, -15.2685838, 0.8173688, -0.4390253, 0.2432675, -0.2828180)    0    0   3.75723007  2 5.000 5.26329136
(-9.4761427, 11.1803041, -7.9139835, -0.5799985, -0.6935701, -0.2338350, -0.3576080)    0    0   -19.49130862  1 5.000 -25.56850865
(-14.7074902, 2.0765220, -15.8875526, -0.4318971, 0.5571354, -0.6796577, -0.2028065)    0    0   11.71704296  3 4.840 14.84139437
(-9.2327430, 6.5827613, -2.0167084, -0.0875748, 0.1742940, -0.6860625, 0.7009069)    0    0   -55.48867125  3 5.000 -69.55185507
(-0.6089888, 4.7499642, -9.6009518, -0.0781687, 0.3323193, 0.9149205, 0.2153463)    0    0   -49.72846052  1 5.000 -61.93216064
(-15.0121919, 2.2107725, -16.0460175, -0.4318973, 0.5571348, -0.6796584, -0.2028053)    0    0   11.55971073  9 1.560 14.52041549
(-9.4590330, 11.1539497, -7.9277939, -0.5799985, -0.6935701, -0.2338350, -0.3576080)    0    0   -17.70186685  0 5.000 -22.12733314
(-14.6800463, 2.3306569, -16.0810570, -0.4319053, 0.5571342, -0.6796547, -0.2028024)    0    0   11.66174159  3 0.760 14.66459468
(4.6396104, 7.0506610, -14.6550082, 0.8173688, -0.4390253, 0.2432675, -0.2828179)    0    0   2.26167224  5 5.000 2.42246060
(-5.0756444, 8.7767763, -20.4672976, -0.6917367, -0.3594680, 0.4465182, 0.4392091)    0    0   8.69361670  2 5.000 10.86364152
(-0.5164459, 4.7832568, -9.1694861, -0.0781272, 0.3322977, 0.9149351, 0.2153328)    0    0   -49.99234363  2 5.000 -62.60314543
(-5.4457047, -1.3021193, -18.8325395, -0.7110309, -0.5399115, -0.2133040, 0.3967770)    0    0   -38.50687529  1 5.000 -47.13240151
(-14.7272190, 2.0932420, -16.0169323, -0.4318971, 0.5571359, -0.6796570, -0.2028075)    0    0   11.68817009  4 4.040 14.74640846
(4.9733777, 6.6975464, -15.1251974, 0.8173688, -0.4390253, 0.2432675, -0.2828180)    0    0   4.00784465  0 5.000 6.04425546
(-14.8266931, 2.0337130, -16.1709504, -0.4319149, 0.5571286, -0.6796571, -0.2027893)    0    0   10.86261567  9 0.200 13.52010562
(-0.5394385, 4.7782765, -9.2856377, -0.0781201, 0.3322940, 0.9149376, 0.2153305)    0    0   -49.14070646  0 5.000 -61.42588296
(-14.7517311, 2.5881168, -16.2713337, -0.4318972, 0.5571361, -0.6796567, -0.2028079)    0    0   11.49377211  10 0.200 14.49847342
(4.4460786, 7.2805995, -14.3232450, 0.8173688, -0.4390253, 0.2432675, -0.2828180)    0    0   1.13010796  6 4.680 0.31715781
(-0.5094355, 4.7921503, -9.1547319, -0.0781758, 0.3323230, 0.9149180, 0.2153486)    0    0   -50.05012352  3 5.000 -62.81797748
(4.8550135, 6.7851339, -15.0146136, 0.8173688, -0.4390253, 0.2432675, -0.2828179)    0    0   2.78662190  4 5.000 3.97777553
(-0.6494256, 4.7225390, -9.7544516, -0.0782730, 0.3323736, 0.9148838, 0.2153804)    0    0   -50.31910511  4 5.000 -61.74563402
(-4.9887020, 8.9736480, -20.2043927, -0.6917366, -0.3594681, 0.4465183, 0.4392090)    0    0   8.69212524  3 5.000 10.90017469
(5.0418409, 6.6303416, -15.2138716, 0.8173688, -0.4390253, 0.2432675, -0.2828180)    0    0   3.78309932  1 5.000 5.10997173
(-8.7976520, -1.1846376, -13.6423415, -0.4319526, -0.0747604, 0.5449842, -0.7147167)    0    0   -51.30276565  2 5.000 -64.07417150
(5.0197258, 6.6754469, -15.1508903, 0.8173688, -0.4390253, 0.2432675, -0.2828179)    0    0   3.34934441  3 4.440 4.78563945
(-15.0381474, 2.1645278, -15.9939120, -0.4318972, 0.5571348, -0.6796584, -0.2028054)    0    0   11.76125913  2 5.000 14.86223936
(-14.7078399, 2.2011672, -15.9965739, -0.4318971, 0.5571353, -0.6796579, -0.2028063)    0    0   12.08755776  0 5.000 15.16587874
(-5.5340937, -1.3926322, -19.3219996, -0.7110309, -0.5399115, -0.2133040, 0.3967770)    0    0   -39.48428140  2 5.000 -50.45655886
(-14.7062952, 2.4373274, -16.2036937, -0.4318971, 0.5571356, -0.6796574, -0.2028068)    0    0   11.61396316  8 4.760 14.35307700
